Archive member included to satisfy reference by file (symbol)

/opt/st/stm32cubeide_1.7.0/plugins/com.st.stm32cube.ide.mcu.externaltools.gnu-tools-for-stm32.9-2020-q2-update.linux64_2.0.0.202105311346/tools/bin/../lib/gcc/arm-none-eabi/9.3.1/../../../../arm-none-eabi/lib/thumb/v7-m/nofp/libc_nano.a(lib_a-errno.o)
                              ./Core/Src/syscalls.o (__errno)
/opt/st/stm32cubeide_1.7.0/plugins/com.st.stm32cube.ide.mcu.externaltools.gnu-tools-for-stm32.9-2020-q2-update.linux64_2.0.0.202105311346/tools/bin/../lib/gcc/arm-none-eabi/9.3.1/../../../../arm-none-eabi/lib/thumb/v7-m/nofp/libc_nano.a(lib_a-exit.o)
                              /opt/st/stm32cubeide_1.7.0/plugins/com.st.stm32cube.ide.mcu.externaltools.gnu-tools-for-stm32.9-2020-q2-update.linux64_2.0.0.202105311346/tools/bin/../lib/gcc/arm-none-eabi/9.3.1/../../../../arm-none-eabi/lib/thumb/v7-m/nofp/crt0.o (exit)
/opt/st/stm32cubeide_1.7.0/plugins/com.st.stm32cube.ide.mcu.externaltools.gnu-tools-for-stm32.9-2020-q2-update.linux64_2.0.0.202105311346/tools/bin/../lib/gcc/arm-none-eabi/9.3.1/../../../../arm-none-eabi/lib/thumb/v7-m/nofp/libc_nano.a(lib_a-impure.o)
                              /opt/st/stm32cubeide_1.7.0/plugins/com.st.stm32cube.ide.mcu.externaltools.gnu-tools-for-stm32.9-2020-q2-update.linux64_2.0.0.202105311346/tools/bin/../lib/gcc/arm-none-eabi/9.3.1/../../../../arm-none-eabi/lib/thumb/v7-m/nofp/libc_nano.a(lib_a-exit.o) (_global_impure_ptr)
/opt/st/stm32cubeide_1.7.0/plugins/com.st.stm32cube.ide.mcu.externaltools.gnu-tools-for-stm32.9-2020-q2-update.linux64_2.0.0.202105311346/tools/bin/../lib/gcc/arm-none-eabi/9.3.1/../../../../arm-none-eabi/lib/thumb/v7-m/nofp/libc_nano.a(lib_a-init.o)
                              /opt/st/stm32cubeide_1.7.0/plugins/com.st.stm32cube.ide.mcu.externaltools.gnu-tools-for-stm32.9-2020-q2-update.linux64_2.0.0.202105311346/tools/bin/../lib/gcc/arm-none-eabi/9.3.1/../../../../arm-none-eabi/lib/thumb/v7-m/nofp/crt0.o (__libc_init_array)
/opt/st/stm32cubeide_1.7.0/plugins/com.st.stm32cube.ide.mcu.externaltools.gnu-tools-for-stm32.9-2020-q2-update.linux64_2.0.0.202105311346/tools/bin/../lib/gcc/arm-none-eabi/9.3.1/../../../../arm-none-eabi/lib/thumb/v7-m/nofp/libc_nano.a(lib_a-memset.o)
                              /opt/st/stm32cubeide_1.7.0/plugins/com.st.stm32cube.ide.mcu.externaltools.gnu-tools-for-stm32.9-2020-q2-update.linux64_2.0.0.202105311346/tools/bin/../lib/gcc/arm-none-eabi/9.3.1/../../../../arm-none-eabi/lib/thumb/v7-m/nofp/crt0.o (memset)

Allocating common symbols
Common symbol       size              file

ry                  0x2               ./Core/Src/main.o
hUsbDeviceFS        0x2c4             ./USB_DEVICE/App/usb_device.o
r3                  0x1               ./Core/Src/main.o
uwTick              0x4               ./Drivers/STM32F1xx_HAL_Driver/Src/stm32f1xx_hal.o
pFlash              0x20              ./Drivers/STM32F1xx_HAL_Driver/Src/stm32f1xx_hal_flash.o
rx                  0x2               ./Core/Src/main.o
ticks_but           0x4               ./Core/Src/main.o
hadc1               0x30              ./Core/Src/main.o
ticks_adc           0x4               ./Core/Src/main.o
hpcd_USB_FS         0x2ec             ./USB_DEVICE/Target/usbd_conf.o
USBD_StrDesc        0x200             ./USB_DEVICE/App/usbd_desc.o

Discarded input sections

 .text          0x0000000000000000        0x0 /opt/st/stm32cubeide_1.7.0/plugins/com.st.stm32cube.ide.mcu.externaltools.gnu-tools-for-stm32.9-2020-q2-update.linux64_2.0.0.202105311346/tools/bin/../lib/gcc/arm-none-eabi/9.3.1/thumb/v7-m/nofp/crti.o
 .data          0x0000000000000000        0x0 /opt/st/stm32cubeide_1.7.0/plugins/com.st.stm32cube.ide.mcu.externaltools.gnu-tools-for-stm32.9-2020-q2-update.linux64_2.0.0.202105311346/tools/bin/../lib/gcc/arm-none-eabi/9.3.1/thumb/v7-m/nofp/crti.o
 .bss           0x0000000000000000        0x0 /opt/st/stm32cubeide_1.7.0/plugins/com.st.stm32cube.ide.mcu.externaltools.gnu-tools-for-stm32.9-2020-q2-update.linux64_2.0.0.202105311346/tools/bin/../lib/gcc/arm-none-eabi/9.3.1/thumb/v7-m/nofp/crti.o
 .data          0x0000000000000000        0x4 /opt/st/stm32cubeide_1.7.0/plugins/com.st.stm32cube.ide.mcu.externaltools.gnu-tools-for-stm32.9-2020-q2-update.linux64_2.0.0.202105311346/tools/bin/../lib/gcc/arm-none-eabi/9.3.1/thumb/v7-m/nofp/crtbegin.o
 .text          0x0000000000000000       0x7c /opt/st/stm32cubeide_1.7.0/plugins/com.st.stm32cube.ide.mcu.externaltools.gnu-tools-for-stm32.9-2020-q2-update.linux64_2.0.0.202105311346/tools/bin/../lib/gcc/arm-none-eabi/9.3.1/../../../../arm-none-eabi/lib/thumb/v7-m/nofp/crt0.o
 .data          0x0000000000000000        0x0 /opt/st/stm32cubeide_1.7.0/plugins/com.st.stm32cube.ide.mcu.externaltools.gnu-tools-for-stm32.9-2020-q2-update.linux64_2.0.0.202105311346/tools/bin/../lib/gcc/arm-none-eabi/9.3.1/../../../../arm-none-eabi/lib/thumb/v7-m/nofp/crt0.o
[...]
Memory Configuration

Name             Origin             Length             Attributes
RAM              0x0000000020000000 0x0000000000005000 xrw
FLASH            0x0000000008000000 0x0000000000010000 xr
*default*        0x0000000000000000 0xffffffffffffffff

Linker script and memory map

LOAD /opt/st/stm32cubeide_1.7.0/plugins/com.st.stm32cube.ide.mcu.externaltools.gnu-tools-for-stm32.9-2020-q2-update.linux64_2.0.0.202105311346/tools/bin/../lib/gcc/arm-none-eabi/9.3.1/thumb/v7-m/nofp/crti.o
LOAD /opt/st/stm32cubeide_1.7.0/plugins/com.st.stm32cube.ide.mcu.externaltools.gnu-tools-for-stm32.9-2020-q2-update.linux64_2.0.0.202105311346/tools/bin/../lib/gcc/arm-none-eabi/9.3.1/thumb/v7-m/nofp/crtbegin.o
LOAD /opt/st/stm32cubeide_1.7.0/plugins/com.st.stm32cube.ide.mcu.externaltools.gnu-tools-for-stm32.9-2020-q2-update.linux64_2.0.0.202105311346/tools/bin/../lib/gcc/arm-none-eabi/9.3.1/../../../../arm-none-eabi/lib/thumb/v7-m/nofp/crt0.o
LOAD ./Core/Src/main.o
LOAD ./Core/Src/stm32f1xx_hal_msp.o
LOAD ./Core/Src/stm32f1xx_it.o
LOAD ./Core/Src/syscalls.o
LOAD ./Core/Src/sysmem.o
LOAD ./Core/Src/system_stm32f1xx.o
LOAD ./Core/Startup/startup_stm32f103c8tx.o
LOAD ./Drivers/STM32F1xx_HAL_Driver/Src/stm32f1xx_hal.o
LOAD ./Drivers/STM32F1xx_HAL_Driver/Src/stm32f1xx_hal_adc.o
LOAD ./Drivers/STM32F1xx_HAL_Driver/Src/stm32f1xx_hal_adc_ex.o
LOAD ./Drivers/STM32F1xx_HAL_Driver/Src/stm32f1xx_hal_cortex.o
LOAD ./Drivers/STM32F1xx_HAL_Driver/Src/stm32f1xx_hal_dma.o
LOAD ./Drivers/STM32F1xx_HAL_Driver/Src/stm32f1xx_hal_exti.o
LOAD ./Drivers/STM32F1xx_HAL_Driver/Src/stm32f1xx_hal_flash.o
LOAD ./Drivers/STM32F1xx_HAL_Driver/Src/stm32f1xx_hal_flash_ex.o
LOAD ./Drivers/STM32F1xx_HAL_Driver/Src/stm32f1xx_hal_gpio.o
LOAD ./Drivers/STM32F1xx_HAL_Driver/Src/stm32f1xx_hal_gpio_ex.o
LOAD ./Drivers/STM32F1xx_HAL_Driver/Src/stm32f1xx_hal_pcd.o
LOAD ./Drivers/STM32F1xx_HAL_Driver/Src/stm32f1xx_hal_pcd_ex.o
LOAD ./Drivers/STM32F1xx_HAL_Driver/Src/stm32f1xx_hal_pwr.o
LOAD ./Drivers/STM32F1xx_HAL_Driver/Src/stm32f1xx_hal_rcc.o
LOAD ./Drivers/STM32F1xx_HAL_Driver/Src/stm32f1xx_hal_rcc_ex.o
LOAD ./Drivers/STM32F1xx_HAL_Driver/Src/stm32f1xx_hal_tim.o
LOAD ./Drivers/STM32F1xx_HAL_Driver/Src/stm32f1xx_hal_tim_ex.o
LOAD ./Drivers/STM32F1xx_HAL_Driver/Src/stm32f1xx_ll_usb.o
LOAD ./Middlewares/ST/STM32_USB_Device_Library/Class/HID/Src/usbd_hid.o
LOAD ./Middlewares/ST/STM32_USB_Device_Library/Core/Src/usbd_core.o
LOAD ./Middlewares/ST/STM32_USB_Device_Library/Core/Src/usbd_ctlreq.o
LOAD ./Middlewares/ST/STM32_USB_Device_Library/Core/Src/usbd_ioreq.o
LOAD ./USB_DEVICE/App/usb_device.o
LOAD ./USB_DEVICE/App/usbd_desc.o
LOAD ./USB_DEVICE/Target/usbd_conf.o
START GROUP
LOAD /opt/st/stm32cubeide_1.7.0/plugins/com.st.stm32cube.ide.mcu.externaltools.gnu-tools-for-stm32.9-2020-q2-update.linux64_2.0.0.202105311346/tools/bin/../lib/gcc/arm-none-eabi/9.3.1/../../../../arm-none-eabi/lib/thumb/v7-m/nofp/libc_nano.a
LOAD /opt/st/stm32cubeide_1.7.0/plugins/com.st.stm32cube.ide.mcu.externaltools.gnu-tools-for-stm32.9-2020-q2-update.linux64_2.0.0.202105311346/tools/bin/../lib/gcc/arm-none-eabi/9.3.1/../../../../arm-none-eabi/lib/thumb/v7-m/nofp/libm.a
END GROUP
START GROUP
LOAD /opt/st/stm32cubeide_1.7.0/plugins/com.st.stm32cube.ide.mcu.externaltools.gnu-tools-for-stm32.9-2020-q2-update.linux64_2.0.0.202105311346/tools/bin/../lib/gcc/arm-none-eabi/9.3.1/thumb/v7-m/nofp/libgcc.a
LOAD /opt/st/stm32cubeide_1.7.0/plugins/com.st.stm32cube.ide.mcu.externaltools.gnu-tools-for-stm32.9-2020-q2-update.linux64_2.0.0.202105311346/tools/bin/../lib/gcc/arm-none-eabi/9.3.1/../../../../arm-none-eabi/lib/thumb/v7-m/nofp/libc_nano.a
END GROUP
START GROUP
LOAD /opt/st/stm32cubeide_1.7.0/plugins/com.st.stm32cube.ide.mcu.externaltools.gnu-tools-for-stm32.9-2020-q2-update.linux64_2.0.0.202105311346/tools/bin/../lib/gcc/arm-none-eabi/9.3.1/thumb/v7-m/nofp/libgcc.a
LOAD /opt/st/stm32cubeide_1.7.0/plugins/com.st.stm32cube.ide.mcu.externaltools.gnu-tools-for-stm32.9-2020-q2-update.linux64_2.0.0.202105311346/tools/bin/../lib/gcc/arm-none-eabi/9.3.1/../../../../arm-none-eabi/lib/thumb/v7-m/nofp/libc_nano.a
LOAD /opt/st/stm32cubeide_1.7.0/plugins/com.st.stm32cube.ide.mcu.externaltools.gnu-tools-for-stm32.9-2020-q2-update.linux64_2.0.0.202105311346/tools/bin/../lib/gcc/arm-none-eabi/9.3.1/../../../../arm-none-eabi/lib/thumb/v7-m/nofp/libnosys.a
END GROUP
START GROUP
LOAD /opt/st/stm32cubeide_1.7.0/plugins/com.st.stm32cube.ide.mcu.externaltools.gnu-tools-for-stm32.9-2020-q2-update.linux64_2.0.0.202105311346/tools/bin/../lib/gcc/arm-none-eabi/9.3.1/thumb/v7-m/nofp/libgcc.a
LOAD /opt/st/stm32cubeide_1.7.0/plugins/com.st.stm32cube.ide.mcu.externaltools.gnu-tools-for-stm32.9-2020-q2-update.linux64_2.0.0.202105311346/tools/bin/../lib/gcc/arm-none-eabi/9.3.1/../../../../arm-none-eabi/lib/thumb/v7-m/nofp/libc_nano.a
LOAD /opt/st/stm32cubeide_1.7.0/plugins/com.st.stm32cube.ide.mcu.externaltools.gnu-tools-for-stm32.9-2020-q2-update.linux64_2.0.0.202105311346/tools/bin/../lib/gcc/arm-none-eabi/9.3.1/../../../../arm-none-eabi/lib/thumb/v7-m/nofp/libnosys.a
END GROUP
LOAD /opt/st/stm32cubeide_1.7.0/plugins/com.st.stm32cube.ide.mcu.externaltools.gnu-tools-for-stm32.9-2020-q2-update.linux64_2.0.0.202105311346/tools/bin/../lib/gcc/arm-none-eabi/9.3.1/thumb/v7-m/nofp/crtend.o
LOAD /opt/st/stm32cubeide_1.7.0/plugins/com.st.stm32cube.ide.mcu.externaltools.gnu-tools-for-stm32.9-2020-q2-update.linux64_2.0.0.202105311346/tools/bin/../lib/gcc/arm-none-eabi/9.3.1/thumb/v7-m/nofp/crtn.o
                0x0000000020005000                _estack = (ORIGIN (RAM) + LENGTH (RAM))
                0x0000000000000200                _Min_Heap_Size = 0x200
                0x0000000000000400                _Min_Stack_Size = 0x400

.isr_vector     0x0000000008000000      0x10c
                0x0000000008000000                . = ALIGN (0x4)
 *(.isr_vector)
 .isr_vector    0x0000000008000000      0x10c ./Core/Startup/startup_stm32f103c8tx.o
                0x0000000008000000                g_pfnVectors
                0x000000000800010c                . = ALIGN (0x4)

.text           0x000000000800010c     0x7554
                0x000000000800010c                . = ALIGN (0x4)
 *(.text)
 .text          0x000000000800010c       0x40 /opt/st/stm32cubeide_1.7.0/plugins/com.st.stm32cube.ide.mcu.externaltools.gnu-tools-for-stm32.9-2020-q2-update.linux64_2.0.0.202105311346/tools/bin/../lib/gcc/arm-none-eabi/9.3.1/thumb/v7-m/nofp/crtbegin.o
 *(.text*)
 .text.main     0x000000000800014c      0x1d4 ./Core/Src/main.o
                0x000000000800014c                main
 .text.SystemClock_Config
                0x0000000008000320       0xba ./Core/Src/main.o
                0x0000000008000320                SystemClock_Config
 *fill*         0x00000000080003da        0x2 
 .text.MX_ADC1_Init
                0x00000000080003dc       0x98 ./Core/Src/main.o
 .text.MX_GPIO_Init
                0x0000000008000474       0xb4 ./Core/Src/main.o
 .text.Error_Handler
                0x0000000008000528        0xc ./Core/Src/main.o
                0x0000000008000528                Error_Handler
 .text.HAL_MspInit
                0x0000000008000534       0x64 ./Core/Src/stm32f1xx_hal_msp.o
                0x0000000008000534                HAL_MspInit
 .text.HAL_ADC_MspInit
                0x0000000008000598       0x78 ./Core/Src/stm32f1xx_hal_msp.o
                0x0000000008000598                HAL_ADC_MspInit
 .text.NMI_Handler
                0x0000000008000610        0xc ./Core/Src/stm32f1xx_it.o
                0x0000000008000610                NMI_Handler
 .text.HardFault_Handler
                0x000000000800061c        0x6 ./Core/Src/stm32f1xx_it.o
                0x000000000800061c                HardFault_Handler
 .text.MemManage_Handler
                0x0000000008000622        0x6 ./Core/Src/stm32f1xx_it.o
                0x0000000008000622                MemManage_Handler
 .text.BusFault_Handler
                0x0000000008000628        0x6 ./Core/Src/stm32f1xx_it.o
                0x0000000008000628                BusFault_Handler
 .text.UsageFault_Handler
                0x000000000800062e        0x6 ./Core/Src/stm32f1xx_it.o
                0x000000000800062e                UsageFault_Handler
 .text.SVC_Handler
                0x0000000008000634        0xc ./Core/Src/stm32f1xx_it.o
                0x0000000008000634                SVC_Handler
 .text.DebugMon_Handler
                0x0000000008000640        0xc ./Core/Src/stm32f1xx_it.o
                0x0000000008000640                DebugMon_Handler
 .text.PendSV_Handler
                0x000000000800064c        0xc ./Core/Src/stm32f1xx_it.o
                0x000000000800064c                PendSV_Handler
 .text.SysTick_Handler
                0x0000000008000658        0xc ./Core/Src/stm32f1xx_it.o
                0x0000000008000658                SysTick_Handler
 .text.USB_LP_CAN1_RX0_IRQHandler
                0x0000000008000664       0x14 ./Core/Src/stm32f1xx_it.o
                0x0000000008000664                USB_LP_CAN1_RX0_IRQHandler
 .text.SystemInit
                0x0000000008000678        0xc ./Core/Src/system_stm32f1xx.o
                0x0000000008000678                SystemInit
 .text.Reset_Handler
                0x0000000008000684       0x48 ./Core/Startup/startup_stm32f103c8tx.o
                0x0000000008000684                Reset_Handler
 .text.Default_Handler
                0x00000000080006cc        0x2 ./Core/Startup/startup_stm32f103c8tx.o
                0x00000000080006cc                RTC_Alarm_IRQHandler
                0x00000000080006cc                EXTI2_IRQHandler
                0x00000000080006cc                TIM1_CC_IRQHandler
                0x00000000080006cc                PVD_IRQHandler
                0x00000000080006cc                EXTI3_IRQHandler
                0x00000000080006cc                EXTI0_IRQHandler
                0x00000000080006cc                I2C2_EV_IRQHandler
                0x00000000080006cc                ADC1_2_IRQHandler
                0x00000000080006cc                SPI1_IRQHandler
                0x00000000080006cc                TAMPER_IRQHandler
                0x00000000080006cc                DMA1_Channel4_IRQHandler
                0x00000000080006cc                USART3_IRQHandler
                0x00000000080006cc                RTC_IRQHandler
                0x00000000080006cc                DMA1_Channel7_IRQHandler
                0x00000000080006cc                CAN1_RX1_IRQHandler
                0x00000000080006cc                TIM4_IRQHandler
                0x00000000080006cc                I2C1_EV_IRQHandler
                0x00000000080006cc                DMA1_Channel6_IRQHandler
                0x00000000080006cc                TIM3_IRQHandler
                0x00000000080006cc                RCC_IRQHandler
                0x00000000080006cc                TIM1_TRG_COM_IRQHandler
                0x00000000080006cc                DMA1_Channel1_IRQHandler
                0x00000000080006cc                Default_Handler
                0x00000000080006cc                EXTI15_10_IRQHandler
                0x00000000080006cc                EXTI9_5_IRQHandler
                0x00000000080006cc                SPI2_IRQHandler
                0x00000000080006cc                DMA1_Channel5_IRQHandler
                0x00000000080006cc                EXTI4_IRQHandler
                0x00000000080006cc                USB_HP_CAN1_TX_IRQHandler
                0x00000000080006cc                DMA1_Channel3_IRQHandler
                0x00000000080006cc                TIM1_UP_IRQHandler
                0x00000000080006cc                WWDG_IRQHandler
                0x00000000080006cc                TIM2_IRQHandler
                0x00000000080006cc                TIM1_BRK_IRQHandler
                0x00000000080006cc                EXTI1_IRQHandler
                0x00000000080006cc                USART2_IRQHandler
                0x00000000080006cc                I2C2_ER_IRQHandler
                0x00000000080006cc                DMA1_Channel2_IRQHandler
                0x00000000080006cc                CAN1_SCE_IRQHandler
                0x00000000080006cc                FLASH_IRQHandler
                0x00000000080006cc                USART1_IRQHandler
                0x00000000080006cc                I2C1_ER_IRQHandler
                0x00000000080006cc                USBWakeUp_IRQHandler
 *fill*         0x00000000080006ce        0x2 
 .text.HAL_Init
                0x00000000080006d0       0x2c ./Drivers/STM32F1xx_HAL_Driver/Src/stm32f1xx_hal.o
                0x00000000080006d0                HAL_Init
 .text.HAL_InitTick
                0x00000000080006fc       0x60 ./Drivers/STM32F1xx_HAL_Driver/Src/stm32f1xx_hal.o
                0x00000000080006fc                HAL_InitTick
 .text.HAL_IncTick
                0x000000000800075c       0x24 ./Drivers/STM32F1xx_HAL_Driver/Src/stm32f1xx_hal.o
                0x000000000800075c                HAL_IncTick
 .text.HAL_GetTick
                0x0000000008000780       0x14 ./Drivers/STM32F1xx_HAL_Driver/Src/stm32f1xx_hal.o
                0x0000000008000780                HAL_GetTick
 .text.HAL_ADC_Init
                0x0000000008000794      0x1b0 ./Drivers/STM32F1xx_HAL_Driver/Src/stm32f1xx_hal_adc.o
                0x0000000008000794                HAL_ADC_Init
 .text.HAL_ADC_Start
                0x0000000008000944      0x15c ./Drivers/STM32F1xx_HAL_Driver/Src/stm32f1xx_hal_adc.o
                0x0000000008000944                HAL_ADC_Start
 .text.HAL_ADC_Stop
                0x0000000008000aa0       0x58 ./Drivers/STM32F1xx_HAL_Driver/Src/stm32f1xx_hal_adc.o
                0x0000000008000aa0                HAL_ADC_Stop
 .text.HAL_ADC_PollForConversion
                0x0000000008000af8      0x1f4 ./Drivers/STM32F1xx_HAL_Driver/Src/stm32f1xx_hal_adc.o
                0x0000000008000af8                HAL_ADC_PollForConversion
 .text.HAL_ADC_GetValue
                0x0000000008000cec       0x18 ./Drivers/STM32F1xx_HAL_Driver/Src/stm32f1xx_hal_adc.o
                0x0000000008000cec                HAL_ADC_GetValue
 .text.HAL_ADC_ConfigChannel
                0x0000000008000d04      0x1f0 ./Drivers/STM32F1xx_HAL_Driver/Src/stm32f1xx_hal_adc.o
                0x0000000008000d04                HAL_ADC_ConfigChannel
 .text.ADC_Enable
                0x0000000008000ef4       0xa4 ./Drivers/STM32F1xx_HAL_Driver/Src/stm32f1xx_hal_adc.o
                0x0000000008000ef4                ADC_Enable
 .text.ADC_ConversionStop_Disable
                0x0000000008000f98       0x74 ./Drivers/STM32F1xx_HAL_Driver/Src/stm32f1xx_hal_adc.o
                0x0000000008000f98                ADC_ConversionStop_Disable
 .text.HAL_ADCEx_Calibration_Start
                0x000000000800100c      0x138 ./Drivers/STM32F1xx_HAL_Driver/Src/stm32f1xx_hal_adc_ex.o
                0x000000000800100c                HAL_ADCEx_Calibration_Start
 .text.__NVIC_SetPriorityGrouping
                0x0000000008001144       0x48 ./Drivers/STM32F1xx_HAL_Driver/Src/stm32f1xx_hal_cortex.o
 .text.__NVIC_GetPriorityGrouping
                0x000000000800118c       0x1c ./Drivers/STM32F1xx_HAL_Driver/Src/stm32f1xx_hal_cortex.o
 .text.__NVIC_EnableIRQ
                0x00000000080011a8       0x38 ./Drivers/STM32F1xx_HAL_Driver/Src/stm32f1xx_hal_cortex.o
 .text.__NVIC_SetPriority
                0x00000000080011e0       0x54 ./Drivers/STM32F1xx_HAL_Driver/Src/stm32f1xx_hal_cortex.o
 .text.NVIC_EncodePriority
                0x0000000008001234       0x64 ./Drivers/STM32F1xx_HAL_Driver/Src/stm32f1xx_hal_cortex.o
 .text.SysTick_Config
                0x0000000008001298       0x44 ./Drivers/STM32F1xx_HAL_Driver/Src/stm32f1xx_hal_cortex.o
 .text.HAL_NVIC_SetPriorityGrouping
                0x00000000080012dc       0x16 ./Drivers/STM32F1xx_HAL_Driver/Src/stm32f1xx_hal_cortex.o
                0x00000000080012dc                HAL_NVIC_SetPriorityGrouping
 .text.HAL_NVIC_SetPriority
                0x00000000080012f2       0x38 ./Drivers/STM32F1xx_HAL_Driver/Src/stm32f1xx_hal_cortex.o
                0x00000000080012f2                HAL_NVIC_SetPriority
 .text.HAL_NVIC_EnableIRQ
                0x000000000800132a       0x1c ./Drivers/STM32F1xx_HAL_Driver/Src/stm32f1xx_hal_cortex.o
                0x000000000800132a                HAL_NVIC_EnableIRQ
 .text.HAL_SYSTICK_Config
                0x0000000008001346       0x18 ./Drivers/STM32F1xx_HAL_Driver/Src/stm32f1xx_hal_cortex.o
                0x0000000008001346                HAL_SYSTICK_Config
 *fill*         0x000000000800135e        0x2 
 .text.HAL_GPIO_Init
                0x0000000008001360      0x308 ./Drivers/STM32F1xx_HAL_Driver/Src/stm32f1xx_hal_gpio.o
                0x0000000008001360                HAL_GPIO_Init
 .text.HAL_GPIO_ReadPin
                0x0000000008001668       0x2e ./Drivers/STM32F1xx_HAL_Driver/Src/stm32f1xx_hal_gpio.o
                0x0000000008001668                HAL_GPIO_ReadPin
 .text.HAL_GPIO_WritePin
                0x0000000008001696       0x30 ./Drivers/STM32F1xx_HAL_Driver/Src/stm32f1xx_hal_gpio.o
                0x0000000008001696                HAL_GPIO_WritePin
 .text.HAL_GPIO_TogglePin
                0x00000000080016c6       0x32 ./Drivers/STM32F1xx_HAL_Driver/Src/stm32f1xx_hal_gpio.o
                0x00000000080016c6                HAL_GPIO_TogglePin
 .text.HAL_PCD_Init
                0x00000000080016f8      0x216 ./Drivers/STM32F1xx_HAL_Driver/Src/stm32f1xx_hal_pcd.o
                0x00000000080016f8                HAL_PCD_Init
 .text.HAL_PCD_Start
                0x000000000800190e       0x4c ./Drivers/STM32F1xx_HAL_Driver/Src/stm32f1xx_hal_pcd.o
                0x000000000800190e                HAL_PCD_Start
 .text.HAL_PCD_IRQHandler
                0x000000000800195a      0x2aa ./Drivers/STM32F1xx_HAL_Driver/Src/stm32f1xx_hal_pcd.o
                0x000000000800195a                HAL_PCD_IRQHandler
 .text.HAL_PCD_SetAddress
                0x0000000008001c04       0x4a ./Drivers/STM32F1xx_HAL_Driver/Src/stm32f1xx_hal_pcd.o
                0x0000000008001c04                HAL_PCD_SetAddress
 .text.HAL_PCD_EP_Open
                0x0000000008001c4e       0xcc ./Drivers/STM32F1xx_HAL_Driver/Src/stm32f1xx_hal_pcd.o
                0x0000000008001c4e                HAL_PCD_EP_Open
 .text.HAL_PCD_EP_Close
                0x0000000008001d1a       0x90 ./Drivers/STM32F1xx_HAL_Driver/Src/stm32f1xx_hal_pcd.o
                0x0000000008001d1a                HAL_PCD_EP_Close
 .text.HAL_PCD_EP_Receive
                0x0000000008001daa       0x7a ./Drivers/STM32F1xx_HAL_Driver/Src/stm32f1xx_hal_pcd.o
                0x0000000008001daa                HAL_PCD_EP_Receive
 .text.HAL_PCD_EP_Transmit
                0x0000000008001e24       0x86 ./Drivers/STM32F1xx_HAL_Driver/Src/stm32f1xx_hal_pcd.o
                0x0000000008001e24                HAL_PCD_EP_Transmit
 .text.HAL_PCD_EP_SetStall
                0x0000000008001eaa       0xc0 ./Drivers/STM32F1xx_HAL_Driver/Src/stm32f1xx_hal_pcd.o
                0x0000000008001eaa                HAL_PCD_EP_SetStall
 .text.HAL_PCD_EP_ClrStall
                0x0000000008001f6a       0xa8 ./Drivers/STM32F1xx_HAL_Driver/Src/stm32f1xx_hal_pcd.o
                0x0000000008001f6a                HAL_PCD_EP_ClrStall
 .text.PCD_EP_ISR_Handler
                0x0000000008002012      0x5e6 ./Drivers/STM32F1xx_HAL_Driver/Src/stm32f1xx_hal_pcd.o
 .text.HAL_PCD_EP_DB_Receive
                0x00000000080025f8      0x21a ./Drivers/STM32F1xx_HAL_Driver/Src/stm32f1xx_hal_pcd.o
 .text.HAL_PCD_EP_DB_Transmit
                0x0000000008002812      0x556 ./Drivers/STM32F1xx_HAL_Driver/Src/stm32f1xx_hal_pcd.o
 .text.HAL_PCDEx_PMAConfig
                0x0000000008002d68       0x84 ./Drivers/STM32F1xx_HAL_Driver/Src/stm32f1xx_hal_pcd_ex.o
                0x0000000008002d68                HAL_PCDEx_PMAConfig
 .text.HAL_RCC_OscConfig
                0x0000000008002dec      0x500 ./Drivers/STM32F1xx_HAL_Driver/Src/stm32f1xx_hal_rcc.o
                0x0000000008002dec                HAL_RCC_OscConfig
 .text.HAL_RCC_ClockConfig
                0x00000000080032ec      0x1d4 ./Drivers/STM32F1xx_HAL_Driver/Src/stm32f1xx_hal_rcc.o
                0x00000000080032ec                HAL_RCC_ClockConfig
 .text.HAL_RCC_GetSysClockFreq
                0x00000000080034c0       0xc0 ./Drivers/STM32F1xx_HAL_Driver/Src/stm32f1xx_hal_rcc.o
                0x00000000080034c0                HAL_RCC_GetSysClockFreq
 .text.HAL_RCC_GetHCLKFreq
                0x0000000008003580       0x14 ./Drivers/STM32F1xx_HAL_Driver/Src/stm32f1xx_hal_rcc.o
                0x0000000008003580                HAL_RCC_GetHCLKFreq
 .text.HAL_RCC_GetPCLK2Freq
                0x0000000008003594       0x28 ./Drivers/STM32F1xx_HAL_Driver/Src/stm32f1xx_hal_rcc.o
                0x0000000008003594                HAL_RCC_GetPCLK2Freq
 .text.RCC_Delay
                0x00000000080035bc       0x3c ./Drivers/STM32F1xx_HAL_Driver/Src/stm32f1xx_hal_rcc.o
 .text.HAL_RCCEx_PeriphCLKConfig
                0x00000000080035f8      0x16c ./Drivers/STM32F1xx_HAL_Driver/Src/stm32f1xx_hal_rcc_ex.o
                0x00000000080035f8                HAL_RCCEx_PeriphCLKConfig
 .text.HAL_RCCEx_GetPeriphCLKFreq
                0x0000000008003764      0x188 ./Drivers/STM32F1xx_HAL_Driver/Src/stm32f1xx_hal_rcc_ex.o
                0x0000000008003764                HAL_RCCEx_GetPeriphCLKFreq
 .text.USB_CoreInit
                0x00000000080038ec       0x20 ./Drivers/STM32F1xx_HAL_Driver/Src/stm32f1xx_ll_usb.o
                0x00000000080038ec                USB_CoreInit
 .text.USB_EnableGlobalInt
                0x000000000800390c       0x2c ./Drivers/STM32F1xx_HAL_Driver/Src/stm32f1xx_ll_usb.o
                0x000000000800390c                USB_EnableGlobalInt
 .text.USB_DisableGlobalInt
                0x0000000008003938       0x34 ./Drivers/STM32F1xx_HAL_Driver/Src/stm32f1xx_ll_usb.o
                0x0000000008003938                USB_DisableGlobalInt
 .text.USB_SetCurrentMode
                0x000000000800396c       0x18 ./Drivers/STM32F1xx_HAL_Driver/Src/stm32f1xx_ll_usb.o
                0x000000000800396c                USB_SetCurrentMode
 .text.USB_DevInit
                0x0000000008003984       0x40 ./Drivers/STM32F1xx_HAL_Driver/Src/stm32f1xx_ll_usb.o
                0x0000000008003984                USB_DevInit
 .text.USB_ActivateEndpoint
                0x00000000080039c4      0x6d4 ./Drivers/STM32F1xx_HAL_Driver/Src/stm32f1xx_ll_usb.o
                0x00000000080039c4                USB_ActivateEndpoint
 .text.USB_DeactivateEndpoint
                0x0000000008004098      0x3d8 ./Drivers/STM32F1xx_HAL_Driver/Src/stm32f1xx_ll_usb.o
                0x0000000008004098                USB_DeactivateEndpoint
 .text.USB_EPStartXfer
                0x0000000008004470     0x1240 ./Drivers/STM32F1xx_HAL_Driver/Src/stm32f1xx_ll_usb.o
                0x0000000008004470                USB_EPStartXfer
 .text.USB_EPSetStall
                0x00000000080056b0       0xa0 ./Drivers/STM32F1xx_HAL_Driver/Src/stm32f1xx_ll_usb.o
                0x00000000080056b0                USB_EPSetStall
 .text.USB_EPClearStall
                0x0000000008005750      0x15a ./Drivers/STM32F1xx_HAL_Driver/Src/stm32f1xx_ll_usb.o
                0x0000000008005750                USB_EPClearStall
 .text.USB_SetDevAddress
                0x00000000080058aa       0x26 ./Drivers/STM32F1xx_HAL_Driver/Src/stm32f1xx_ll_usb.o
                0x00000000080058aa                USB_SetDevAddress
 .text.USB_DevConnect
                0x00000000080058d0       0x14 ./Drivers/STM32F1xx_HAL_Driver/Src/stm32f1xx_ll_usb.o
                0x00000000080058d0                USB_DevConnect
 .text.USB_DevDisconnect
                0x00000000080058e4       0x14 ./Drivers/STM32F1xx_HAL_Driver/Src/stm32f1xx_ll_usb.o
                0x00000000080058e4                USB_DevDisconnect
 .text.USB_ReadInterrupts
                0x00000000080058f8       0x1e ./Drivers/STM32F1xx_HAL_Driver/Src/stm32f1xx_ll_usb.o
                0x00000000080058f8                USB_ReadInterrupts
 .text.USB_EP0_OutStart
                0x0000000008005916       0x16 ./Drivers/STM32F1xx_HAL_Driver/Src/stm32f1xx_ll_usb.o
                0x0000000008005916                USB_EP0_OutStart
 .text.USB_WritePMA
                0x000000000800592c       0x8a ./Drivers/STM32F1xx_HAL_Driver/Src/stm32f1xx_ll_usb.o
                0x000000000800592c                USB_WritePMA
 .text.USB_ReadPMA
                0x00000000080059b6       0x9e ./Drivers/STM32F1xx_HAL_Driver/Src/stm32f1xx_ll_usb.o
                0x00000000080059b6                USB_ReadPMA
 .text.USBD_HID_Init
                0x0000000008005a54       0x4e ./Middlewares/ST/STM32_USB_Device_Library/Class/HID/Src/usbd_hid.o
 .text.USBD_HID_DeInit
                0x0000000008005aa2       0x42 ./Middlewares/ST/STM32_USB_Device_Library/Class/HID/Src/usbd_hid.o
 .text.USBD_HID_Setup
                0x0000000008005ae4      0x1fc ./Middlewares/ST/STM32_USB_Device_Library/Class/HID/Src/usbd_hid.o
 .text.USBD_HID_GetFSCfgDesc
                0x0000000008005ce0       0x20 ./Middlewares/ST/STM32_USB_Device_Library/Class/HID/Src/usbd_hid.o
 .text.USBD_HID_GetHSCfgDesc
                0x0000000008005d00       0x20 ./Middlewares/ST/STM32_USB_Device_Library/Class/HID/Src/usbd_hid.o
 .text.USBD_HID_GetOtherSpeedCfgDesc
                0x0000000008005d20       0x20 ./Middlewares/ST/STM32_USB_Device_Library/Class/HID/Src/usbd_hid.o
 .text.USBD_HID_DataIn
                0x0000000008005d40       0x22 ./Middlewares/ST/STM32_USB_Device_Library/Class/HID/Src/usbd_hid.o
 *fill*         0x0000000008005d62        0x2 
 .text.USBD_HID_GetDeviceQualifierDesc
                0x0000000008005d64       0x20 ./Middlewares/ST/STM32_USB_Device_Library/Class/HID/Src/usbd_hid.o
 .text.USBD_Init
                0x0000000008005d84       0x56 ./Middlewares/ST/STM32_USB_Device_Library/Core/Src/usbd_core.o
                0x0000000008005d84                USBD_Init
 .text.USBD_RegisterClass
                0x0000000008005dda       0x32 ./Middlewares/ST/STM32_USB_Device_Library/Core/Src/usbd_core.o
                0x0000000008005dda                USBD_RegisterClass
 .text.USBD_Start
                0x0000000008005e0c       0x18 ./Middlewares/ST/STM32_USB_Device_Library/Core/Src/usbd_core.o
                0x0000000008005e0c                USBD_Start
 .text.USBD_RunTestMode
                0x0000000008005e24       0x14 ./Middlewares/ST/STM32_USB_Device_Library/Core/Src/usbd_core.o
                0x0000000008005e24                USBD_RunTestMode
 .text.USBD_SetClassConfig
                0x0000000008005e38       0x3e ./Middlewares/ST/STM32_USB_Device_Library/Core/Src/usbd_core.o
                0x0000000008005e38                USBD_SetClassConfig
 .text.USBD_ClrClassConfig
                0x0000000008005e76       0x26 ./Middlewares/ST/STM32_USB_Device_Library/Core/Src/usbd_core.o
                0x0000000008005e76                USBD_ClrClassConfig
 .text.USBD_LL_SetupStage
                0x0000000008005e9c       0x9a ./Middlewares/ST/STM32_USB_Device_Library/Core/Src/usbd_core.o
                0x0000000008005e9c                USBD_LL_SetupStage
 .text.USBD_LL_DataOutStage
                0x0000000008005f36       0xe2 ./Middlewares/ST/STM32_USB_Device_Library/Core/Src/usbd_core.o
                0x0000000008005f36                USBD_LL_DataOutStage
 .text.USBD_LL_DataInStage
                0x0000000008006018      0x14a ./Middlewares/ST/STM32_USB_Device_Library/Core/Src/usbd_core.o
                0x0000000008006018                USBD_LL_DataInStage
 .text.USBD_LL_Reset
                0x0000000008006162       0x82 ./Middlewares/ST/STM32_USB_Device_Library/Core/Src/usbd_core.o
                0x0000000008006162                USBD_LL_Reset
 .text.USBD_LL_SetSpeed
                0x00000000080061e4       0x1e ./Middlewares/ST/STM32_USB_Device_Library/Core/Src/usbd_core.o
                0x00000000080061e4                USBD_LL_SetSpeed
 .text.USBD_LL_Suspend
                0x0000000008006202       0x28 ./Middlewares/ST/STM32_USB_Device_Library/Core/Src/usbd_core.o
                0x0000000008006202                USBD_LL_Suspend
 .text.USBD_LL_Resume
                0x000000000800622a       0x2a ./Middlewares/ST/STM32_USB_Device_Library/Core/Src/usbd_core.o
                0x000000000800622a                USBD_LL_Resume
 .text.USBD_LL_SOF
                0x0000000008006254       0x34 ./Middlewares/ST/STM32_USB_Device_Library/Core/Src/usbd_core.o
                0x0000000008006254                USBD_LL_SOF
 .text.USBD_StdDevReq
                0x0000000008006288       0xd4 ./Middlewares/ST/STM32_USB_Device_Library/Core/Src/usbd_ctlreq.o
                0x0000000008006288                USBD_StdDevReq
 .text.USBD_StdItfReq
                0x000000000800635c       0x90 ./Middlewares/ST/STM32_USB_Device_Library/Core/Src/usbd_ctlreq.o
                0x000000000800635c                USBD_StdItfReq
 .text.USBD_StdEPReq
                0x00000000080063ec      0x2c6 ./Middlewares/ST/STM32_USB_Device_Library/Core/Src/usbd_ctlreq.o
                0x00000000080063ec                USBD_StdEPReq
 *fill*         0x00000000080066b2        0x2 
 .text.USBD_GetDescriptor
                0x00000000080066b4      0x2d0 ./Middlewares/ST/STM32_USB_Device_Library/Core/Src/usbd_ctlreq.o
 .text.USBD_SetAddress
                0x0000000008006984       0x86 ./Middlewares/ST/STM32_USB_Device_Library/Core/Src/usbd_ctlreq.o
 *fill*         0x0000000008006a0a        0x2 
 .text.USBD_SetConfig
                0x0000000008006a0c      0x11c ./Middlewares/ST/STM32_USB_Device_Library/Core/Src/usbd_ctlreq.o
 .text.USBD_GetConfig
                0x0000000008006b28       0x6a ./Middlewares/ST/STM32_USB_Device_Library/Core/Src/usbd_ctlreq.o
 .text.USBD_GetStatus
                0x0000000008006b92       0x66 ./Middlewares/ST/STM32_USB_Device_Library/Core/Src/usbd_ctlreq.o
 .text.USBD_SetFeature
                0x0000000008006bf8       0x28 ./Middlewares/ST/STM32_USB_Device_Library/Core/Src/usbd_ctlreq.o
 .text.USBD_ClrFeature
                0x0000000008006c20       0x42 ./Middlewares/ST/STM32_USB_Device_Library/Core/Src/usbd_ctlreq.o
 .text.USBD_ParseSetupRequest
                0x0000000008006c62       0x78 ./Middlewares/ST/STM32_USB_Device_Library/Core/Src/usbd_ctlreq.o
                0x0000000008006c62                USBD_ParseSetupRequest
 .text.USBD_CtlError
                0x0000000008006cda       0x22 ./Middlewares/ST/STM32_USB_Device_Library/Core/Src/usbd_ctlreq.o
                0x0000000008006cda                USBD_CtlError
 .text.USBD_GetString
                0x0000000008006cfc       0x84 ./Middlewares/ST/STM32_USB_Device_Library/Core/Src/usbd_ctlreq.o
                0x0000000008006cfc                USBD_GetString
 .text.USBD_GetLen
                0x0000000008006d80       0x2e ./Middlewares/ST/STM32_USB_Device_Library/Core/Src/usbd_ctlreq.o
 .text.USBD_CtlSendData
                0x0000000008006dae       0x38 ./Middlewares/ST/STM32_USB_Device_Library/Core/Src/usbd_ioreq.o
                0x0000000008006dae                USBD_CtlSendData
 .text.USBD_CtlContinueSendData
                0x0000000008006de6       0x24 ./Middlewares/ST/STM32_USB_Device_Library/Core/Src/usbd_ioreq.o
                0x0000000008006de6                USBD_CtlContinueSendData
 .text.USBD_CtlContinueRx
                0x0000000008006e0a       0x24 ./Middlewares/ST/STM32_USB_Device_Library/Core/Src/usbd_ioreq.o
                0x0000000008006e0a                USBD_CtlContinueRx
 .text.USBD_CtlSendStatus
                0x0000000008006e2e       0x26 ./Middlewares/ST/STM32_USB_Device_Library/Core/Src/usbd_ioreq.o
                0x0000000008006e2e                USBD_CtlSendStatus
 .text.USBD_CtlReceiveStatus
                0x0000000008006e54       0x26 ./Middlewares/ST/STM32_USB_Device_Library/Core/Src/usbd_ioreq.o
                0x0000000008006e54                USBD_CtlReceiveStatus
 *fill*         0x0000000008006e7a        0x2 
 .text.MX_USB_DEVICE_Init
                0x0000000008006e7c       0x4c ./USB_DEVICE/App/usb_device.o
                0x0000000008006e7c                MX_USB_DEVICE_Init
 .text.USBD_FS_DeviceDescriptor
                0x0000000008006ec8       0x24 ./USB_DEVICE/App/usbd_desc.o
                0x0000000008006ec8                USBD_FS_DeviceDescriptor
 .text.USBD_FS_LangIDStrDescriptor
                0x0000000008006eec       0x24 ./USB_DEVICE/App/usbd_desc.o
                0x0000000008006eec                USBD_FS_LangIDStrDescriptor
 .text.USBD_FS_ProductStrDescriptor
                0x0000000008006f10       0x3c ./USB_DEVICE/App/usbd_desc.o
                0x0000000008006f10                USBD_FS_ProductStrDescriptor
 .text.USBD_FS_ManufacturerStrDescriptor
                0x0000000008006f4c       0x28 ./USB_DEVICE/App/usbd_desc.o
                0x0000000008006f4c                USBD_FS_ManufacturerStrDescriptor
 .text.USBD_FS_SerialStrDescriptor
                0x0000000008006f74       0x24 ./USB_DEVICE/App/usbd_desc.o
                0x0000000008006f74                USBD_FS_SerialStrDescriptor
 .text.USBD_FS_ConfigStrDescriptor
                0x0000000008006f98       0x3c ./USB_DEVICE/App/usbd_desc.o
                0x0000000008006f98                USBD_FS_ConfigStrDescriptor
 .text.USBD_FS_InterfaceStrDescriptor
                0x0000000008006fd4       0x3c ./USB_DEVICE/App/usbd_desc.o
                0x0000000008006fd4                USBD_FS_InterfaceStrDescriptor
 .text.Get_SerialNum
                0x0000000008007010       0x58 ./USB_DEVICE/App/usbd_desc.o
 .text.IntToUnicode
                0x0000000008007068       0x7c ./USB_DEVICE/App/usbd_desc.o
 .text.HAL_PCD_MspInit
                0x00000000080070e4       0x4c ./USB_DEVICE/Target/usbd_conf.o
                0x00000000080070e4                HAL_PCD_MspInit
 .text.HAL_PCD_SetupStageCallback
                0x0000000008007130       0x24 ./USB_DEVICE/Target/usbd_conf.o
                0x0000000008007130                HAL_PCD_SetupStageCallback
 .text.HAL_PCD_DataOutStageCallback
                0x0000000008007154       0x36 ./USB_DEVICE/Target/usbd_conf.o
                0x0000000008007154                HAL_PCD_DataOutStageCallback
 .text.HAL_PCD_DataInStageCallback
                0x000000000800718a       0x34 ./USB_DEVICE/Target/usbd_conf.o
                0x000000000800718a                HAL_PCD_DataInStageCallback
 .text.HAL_PCD_SOFCallback
                0x00000000080071be       0x1c ./USB_DEVICE/Target/usbd_conf.o
                0x00000000080071be                HAL_PCD_SOFCallback
 .text.HAL_PCD_ResetCallback
                0x00000000080071da       0x3c ./USB_DEVICE/Target/usbd_conf.o
                0x00000000080071da                HAL_PCD_ResetCallback
 *fill*         0x0000000008007216        0x2 
 .text.HAL_PCD_SuspendCallback
                0x0000000008007218       0x34 ./USB_DEVICE/Target/usbd_conf.o
                0x0000000008007218                HAL_PCD_SuspendCallback
 .text.HAL_PCD_ResumeCallback
                0x000000000800724c       0x1c ./USB_DEVICE/Target/usbd_conf.o
                0x000000000800724c                HAL_PCD_ResumeCallback
 .text.USBD_LL_Init
                0x0000000008007268       0x90 ./USB_DEVICE/Target/usbd_conf.o
                0x0000000008007268                USBD_LL_Init
 .text.USBD_LL_Start
                0x00000000080072f8       0x36 ./USB_DEVICE/Target/usbd_conf.o
                0x00000000080072f8                USBD_LL_Start
 .text.USBD_LL_OpenEP
                0x000000000800732e       0x4c ./USB_DEVICE/Target/usbd_conf.o
                0x000000000800732e                USBD_LL_OpenEP
 .text.USBD_LL_CloseEP
                0x000000000800737a       0x3e ./USB_DEVICE/Target/usbd_conf.o
                0x000000000800737a                USBD_LL_CloseEP
 .text.USBD_LL_StallEP
                0x00000000080073b8       0x3e ./USB_DEVICE/Target/usbd_conf.o
                0x00000000080073b8                USBD_LL_StallEP
 .text.USBD_LL_ClearStallEP
                0x00000000080073f6       0x3e ./USB_DEVICE/Target/usbd_conf.o
                0x00000000080073f6                USBD_LL_ClearStallEP
 .text.USBD_LL_IsStallEP
                0x0000000008007434       0x58 ./USB_DEVICE/Target/usbd_conf.o
                0x0000000008007434                USBD_LL_IsStallEP
 .text.USBD_LL_SetUSBAddress
                0x000000000800748c       0x3e ./USB_DEVICE/Target/usbd_conf.o
                0x000000000800748c                USBD_LL_SetUSBAddress
 .text.USBD_LL_Transmit
                0x00000000080074ca       0x46 ./USB_DEVICE/Target/usbd_conf.o
                0x00000000080074ca                USBD_LL_Transmit
 .text.USBD_LL_PrepareReceive
                0x0000000008007510       0x46 ./USB_DEVICE/Target/usbd_conf.o
                0x0000000008007510                USBD_LL_PrepareReceive
 *fill*         0x0000000008007556        0x2 
 .text.USBD_static_malloc
                0x0000000008007558       0x18 ./USB_DEVICE/Target/usbd_conf.o
                0x0000000008007558                USBD_static_malloc
 .text.USBD_static_free
                0x0000000008007570       0x12 ./USB_DEVICE/Target/usbd_conf.o
                0x0000000008007570                USBD_static_free
 .text.HAL_PCDEx_SetConnectionState
                0x0000000008007582       0x16 ./USB_DEVICE/Target/usbd_conf.o
                0x0000000008007582                HAL_PCDEx_SetConnectionState
 .text.USBD_Get_USB_Status
                0x0000000008007598       0x58 ./USB_DEVICE/Target/usbd_conf.o
 .text.__libc_init_array
                0x00000000080075f0       0x48 /opt/st/stm32cubeide_1.7.0/plugins/com.st.stm32cube.ide.mcu.externaltools.gnu-tools-for-stm32.9-2020-q2-update.linux64_2.0.0.202105311346/tools/bin/../lib/gcc/arm-none-eabi/9.3.1/../../../../arm-none-eabi/lib/thumb/v7-m/nofp/libc_nano.a(lib_a-init.o)
                0x00000000080075f0                __libc_init_array
 .text.memset   0x0000000008007638       0x10 /opt/st/stm32cubeide_1.7.0/plugins/com.st.stm32cube.ide.mcu.externaltools.gnu-tools-for-stm32.9-2020-q2-update.linux64_2.0.0.202105311346/tools/bin/../lib/gcc/arm-none-eabi/9.3.1/../../../../arm-none-eabi/lib/thumb/v7-m/nofp/libc_nano.a(lib_a-memset.o)
                0x0000000008007638                memset
 *(.glue_7)
 .glue_7        0x0000000008007648        0x0 linker stubs
 *(.glue_7t)
 .glue_7t       0x0000000008007648        0x0 linker stubs
 *(.eh_frame)
 .eh_frame      0x0000000008007648        0x0 /opt/st/stm32cubeide_1.7.0/plugins/com.st.stm32cube.ide.mcu.externaltools.gnu-tools-for-stm32.9-2020-q2-update.linux64_2.0.0.202105311346/tools/bin/../lib/gcc/arm-none-eabi/9.3.1/thumb/v7-m/nofp/crtbegin.o
 *(.init)
 .init          0x0000000008007648        0x4 /opt/st/stm32cubeide_1.7.0/plugins/com.st.stm32cube.ide.mcu.externaltools.gnu-tools-for-stm32.9-2020-q2-update.linux64_2.0.0.202105311346/tools/bin/../lib/gcc/arm-none-eabi/9.3.1/thumb/v7-m/nofp/crti.o
                0x0000000008007648                _init
 .init          0x000000000800764c        0x8 /opt/st/stm32cubeide_1.7.0/plugins/com.st.stm32cube.ide.mcu.externaltools.gnu-tools-for-stm32.9-2020-q2-update.linux64_2.0.0.202105311346/tools/bin/../lib/gcc/arm-none-eabi/9.3.1/thumb/v7-m/nofp/crtn.o
 *(.fini)
 .fini          0x0000000008007654        0x4 /opt/st/stm32cubeide_1.7.0/plugins/com.st.stm32cube.ide.mcu.externaltools.gnu-tools-for-stm32.9-2020-q2-update.linux64_2.0.0.202105311346/tools/bin/../lib/gcc/arm-none-eabi/9.3.1/thumb/v7-m/nofp/crti.o
                0x0000000008007654                _fini
 .fini          0x0000000008007658        0x8 /opt/st/stm32cubeide_1.7.0/plugins/com.st.stm32cube.ide.mcu.externaltools.gnu-tools-for-stm32.9-2020-q2-update.linux64_2.0.0.202105311346/tools/bin/../lib/gcc/arm-none-eabi/9.3.1/thumb/v7-m/nofp/crtn.o
                0x0000000008007660                . = ALIGN (0x4)
                0x0000000008007660                _etext = .

.vfp11_veneer   0x0000000008007660        0x0
 .vfp11_veneer  0x0000000008007660        0x0 linker stubs

.v4_bx          0x0000000008007660        0x0
 .v4_bx         0x0000000008007660        0x0 linker stubs

.iplt           0x0000000008007660        0x0
 .iplt          0x0000000008007660        0x0 /opt/st/stm32cubeide_1.7.0/plugins/com.st.stm32cube.ide.mcu.externaltools.gnu-tools-for-stm32.9-2020-q2-update.linux64_2.0.0.202105311346/tools/bin/../lib/gcc/arm-none-eabi/9.3.1/thumb/v7-m/nofp/crtbegin.o

.rodata         0x0000000008007660       0x80
                0x0000000008007660                . = ALIGN (0x4)
 *(.rodata)
 .rodata        0x0000000008007660       0x10 ./Drivers/STM32F1xx_HAL_Driver/Src/stm32f1xx_hal_rcc.o
 .rodata        0x0000000008007670       0x10 ./Drivers/STM32F1xx_HAL_Driver/Src/stm32f1xx_hal_rcc_ex.o
 .rodata        0x0000000008007680       0x46 ./USB_DEVICE/App/usbd_desc.o
 *(.rodata*)
 *fill*         0x00000000080076c6        0x2 
 .rodata.AHBPrescTable
                0x00000000080076c8       0x10 ./Core/Src/system_stm32f1xx.o
                0x00000000080076c8                AHBPrescTable
 .rodata.APBPrescTable
                0x00000000080076d8        0x8 ./Core/Src/system_stm32f1xx.o
                0x00000000080076d8                APBPrescTable
                0x00000000080076e0                . = ALIGN (0x4)

.rel.dyn        0x00000000080076e0        0x0
 .rel.iplt      0x00000000080076e0        0x0 /opt/st/stm32cubeide_1.7.0/plugins/com.st.stm32cube.ide.mcu.externaltools.gnu-tools-for-stm32.9-2020-q2-update.linux64_2.0.0.202105311346/tools/bin/../lib/gcc/arm-none-eabi/9.3.1/thumb/v7-m/nofp/crtbegin.o

.ARM.extab      0x00000000080076e0        0x0
                0x00000000080076e0                . = ALIGN (0x4)
 *(.ARM.extab* .gnu.linkonce.armextab.*)
                0x00000000080076e0                . = ALIGN (0x4)

.ARM            0x00000000080076e0        0x0
                0x00000000080076e0                . = ALIGN (0x4)
                0x00000000080076e0                __exidx_start = .
 *(.ARM.exidx*)
                0x00000000080076e0                __exidx_end = .
                0x00000000080076e0                . = ALIGN (0x4)

.preinit_array  0x00000000080076e0        0x0
                0x00000000080076e0                . = ALIGN (0x4)
                0x00000000080076e0                PROVIDE (__preinit_array_start = .)
 *(.preinit_array*)
                0x00000000080076e0                PROVIDE (__preinit_array_end = .)
                0x00000000080076e0                . = ALIGN (0x4)

.init_array     0x00000000080076e0        0x4
                0x00000000080076e0                . = ALIGN (0x4)
                0x00000000080076e0                PROVIDE (__init_array_start = .)
 *(SORT_BY_NAME(.init_array.*))
 *(.init_array*)
 .init_array    0x00000000080076e0        0x4 /opt/st/stm32cubeide_1.7.0/plugins/com.st.stm32cube.ide.mcu.externaltools.gnu-tools-for-stm32.9-2020-q2-update.linux64_2.0.0.202105311346/tools/bin/../lib/gcc/arm-none-eabi/9.3.1/thumb/v7-m/nofp/crtbegin.o
                0x00000000080076e4                PROVIDE (__init_array_end = .)
                0x00000000080076e4                . = ALIGN (0x4)

.fini_array     0x00000000080076e4        0x4
                0x00000000080076e4                . = ALIGN (0x4)
                [!provide]                        PROVIDE (__fini_array_start = .)
 *(SORT_BY_NAME(.fini_array.*))
 *(.fini_array*)
 .fini_array    0x00000000080076e4        0x4 /opt/st/stm32cubeide_1.7.0/plugins/com.st.stm32cube.ide.mcu.externaltools.gnu-tools-for-stm32.9-2020-q2-update.linux64_2.0.0.202105311346/tools/bin/../lib/gcc/arm-none-eabi/9.3.1/thumb/v7-m/nofp/crtbegin.o
                [!provide]                        PROVIDE (__fini_array_end = .)
                0x00000000080076e8                . = ALIGN (0x4)
                0x00000000080076e8                _sidata = LOADADDR (.data)

.data           0x0000000020000000      0x164 load address 0x00000000080076e8
                0x0000000020000000                . = ALIGN (0x4)
                0x0000000020000000                _sdata = .
 *(.data)
 *(.data*)
 .data.SystemCoreClock
                0x0000000020000000        0x4 ./Core/Src/system_stm32f1xx.o
                0x0000000020000000                SystemCoreClock
 .data.uwTickPrio
                0x0000000020000004        0x4 ./Drivers/STM32F1xx_HAL_Driver/Src/stm32f1xx_hal.o
                0x0000000020000004                uwTickPrio
 .data.uwTickFreq
                0x0000000020000008        0x1 ./Drivers/STM32F1xx_HAL_Driver/Src/stm32f1xx_hal.o
                0x0000000020000008                uwTickFreq
 *fill*         0x0000000020000009        0x3 
 .data.USBD_HID
                0x000000002000000c       0x38 ./Middlewares/ST/STM32_USB_Device_Library/Class/HID/Src/usbd_hid.o
                0x000000002000000c                USBD_HID
 .data.USBD_HID_CfgFSDesc
                0x0000000020000044       0x22 ./Middlewares/ST/STM32_USB_Device_Library/Class/HID/Src/usbd_hid.o
 *fill*         0x0000000020000066        0x2 
 .data.USBD_HID_CfgHSDesc
                0x0000000020000068       0x22 ./Middlewares/ST/STM32_USB_Device_Library/Class/HID/Src/usbd_hid.o
 *fill*         0x000000002000008a        0x2 
 .data.USBD_HID_OtherSpeedCfgDesc
                0x000000002000008c       0x22 ./Middlewares/ST/STM32_USB_Device_Library/Class/HID/Src/usbd_hid.o
 *fill*         0x00000000200000ae        0x2 
 .data.USBD_HID_Desc
                0x00000000200000b0        0x9 ./Middlewares/ST/STM32_USB_Device_Library/Class/HID/Src/usbd_hid.o
 *fill*         0x00000000200000b9        0x3 
 .data.USBD_HID_DeviceQualifierDesc
                0x00000000200000bc        0xa ./Middlewares/ST/STM32_USB_Device_Library/Class/HID/Src/usbd_hid.o
 *fill*         0x00000000200000c6        0x2 
 .data.HID_MOUSE_ReportDesc
                0x00000000200000c8       0x4a ./Middlewares/ST/STM32_USB_Device_Library/Class/HID/Src/usbd_hid.o
 *fill*         0x0000000020000112        0x2 
 .data.FS_Desc  0x0000000020000114       0x1c ./USB_DEVICE/App/usbd_desc.o
                0x0000000020000114                FS_Desc
 .data.USBD_FS_DeviceDesc
                0x0000000020000130       0x12 ./USB_DEVICE/App/usbd_desc.o
                0x0000000020000130                USBD_FS_DeviceDesc
 *fill*         0x0000000020000142        0x2 
 .data.USBD_LangIDDesc
                0x0000000020000144        0x4 ./USB_DEVICE/App/usbd_desc.o
                0x0000000020000144                USBD_LangIDDesc
 .data.USBD_StringSerial
                0x0000000020000148       0x1a ./USB_DEVICE/App/usbd_desc.o
                0x0000000020000148                USBD_StringSerial
                0x0000000020000164                . = ALIGN (0x4)
 *fill*         0x0000000020000162        0x2 
                0x0000000020000164                _edata = .

.igot.plt       0x0000000020000164        0x0 load address 0x000000000800784c
 .igot.plt      0x0000000020000164        0x0 /opt/st/stm32cubeide_1.7.0/plugins/com.st.stm32cube.ide.mcu.externaltools.gnu-tools-for-stm32.9-2020-q2-update.linux64_2.0.0.202105311346/tools/bin/../lib/gcc/arm-none-eabi/9.3.1/thumb/v7-m/nofp/crtbegin.o
                0x0000000020000164                . = ALIGN (0x4)

.bss            0x0000000020000164      0x828 load address 0x000000000800784c
                0x0000000020000164                _sbss = .
                0x0000000020000164                __bss_start__ = _sbss
 *(.bss)
 .bss           0x0000000020000164       0x1c /opt/st/stm32cubeide_1.7.0/plugins/com.st.stm32cube.ide.mcu.externaltools.gnu-tools-for-stm32.9-2020-q2-update.linux64_2.0.0.202105311346/tools/bin/../lib/gcc/arm-none-eabi/9.3.1/thumb/v7-m/nofp/crtbegin.o
 *(.bss*)
 .bss.cfgidx.7840
                0x0000000020000180        0x1 ./Middlewares/ST/STM32_USB_Device_Library/Core/Src/usbd_ctlreq.o
 *fill*         0x0000000020000181        0x3 
 .bss.mem.7882  0x0000000020000184       0x14 ./USB_DEVICE/Target/usbd_conf.o
 *(COMMON)
 COMMON         0x0000000020000198       0x40 ./Core/Src/main.o
                0x0000000020000198                ry
                0x000000002000019a                r3
                0x000000002000019c                rx
                0x00000000200001a0                ticks_but
                0x00000000200001a4                hadc1
                0x00000000200001d4                ticks_adc
 COMMON         0x00000000200001d8        0x4 ./Drivers/STM32F1xx_HAL_Driver/Src/stm32f1xx_hal.o
                0x00000000200001d8                uwTick
 COMMON         0x00000000200001dc      0x2c4 ./USB_DEVICE/App/usb_device.o
                0x00000000200001dc                hUsbDeviceFS
 COMMON         0x00000000200004a0      0x200 ./USB_DEVICE/App/usbd_desc.o
                0x00000000200004a0                USBD_StrDesc
 COMMON         0x00000000200006a0      0x2ec ./USB_DEVICE/Target/usbd_conf.o
                0x00000000200006a0                hpcd_USB_FS
                0x000000002000098c                . = ALIGN (0x4)
                0x000000002000098c                _ebss = .
                0x000000002000098c                __bss_end__ = _ebss

._user_heap_stack
                0x000000002000098c      0x604 load address 0x000000000800784c
                0x0000000020000990                . = ALIGN (0x8)
 *fill*         0x000000002000098c        0x4 
                [!provide]                        PROVIDE (end = .)
                0x0000000020000990                PROVIDE (_end = .)
                0x0000000020000b90                . = (. + _Min_Heap_Size)
 *fill*         0x0000000020000990      0x200 
                0x0000000020000f90                . = (. + _Min_Stack_Size)
 *fill*         0x0000000020000b90      0x400 
                0x0000000020000f90                . = ALIGN (0x8)

/DISCARD/
 libc.a(*)
 libm.a(*)
 libgcc.a(*)

.ARM.attributes
                0x0000000000000000       0x29
 *(.ARM.attributes)
 .ARM.attributes
                0x0000000000000000       0x1d /opt/st/stm32cubeide_1.7.0/plugins/com.st.stm32cube.ide.mcu.externaltools.gnu-tools-for-stm32.9-2020-q2-update.linux64_2.0.0.202105311346/tools/bin/../lib/gcc/arm-none-eabi/9.3.1/thumb/v7-m/nofp/crti.o
 .ARM.attributes
                0x000000000000001d       0x2d /opt/st/stm32cubeide_1.7.0/plugins/com.st.stm32cube.ide.mcu.externaltools.gnu-tools-for-stm32.9-2020-q2-update.linux64_2.0.0.202105311346/tools/bin/../lib/gcc/arm-none-eabi/9.3.1/thumb/v7-m/nofp/crtbegin.o
 .ARM.attributes
                0x000000000000004a       0x2d ./Core/Src/main.o
 .ARM.attributes
                0x0000000000000077       0x2d ./Core/Src/stm32f1xx_hal_msp.o
 .ARM.attributes
                0x00000000000000a4       0x2d ./Core/Src/stm32f1xx_it.o
 .ARM.attributes
                0x00000000000000d1       0x2d ./Core/Src/system_stm32f1xx.o
 .ARM.attributes
                0x00000000000000fe       0x21 ./Core/Startup/startup_stm32f103c8tx.o
 .ARM.attributes
                0x000000000000011f       0x2d ./Drivers/STM32F1xx_HAL_Driver/Src/stm32f1xx_hal.o
 .ARM.attributes
                0x000000000000014c       0x2d ./Drivers/STM32F1xx_HAL_Driver/Src/stm32f1xx_hal_adc.o
 .ARM.attributes
                0x0000000000000179       0x2d ./Drivers/STM32F1xx_HAL_Driver/Src/stm32f1xx_hal_adc_ex.o
 .ARM.attributes
                0x00000000000001a6       0x2d ./Drivers/STM32F1xx_HAL_Driver/Src/stm32f1xx_hal_cortex.o
 .ARM.attributes
                0x00000000000001d3       0x2d ./Drivers/STM32F1xx_HAL_Driver/Src/stm32f1xx_hal_gpio.o
 .ARM.attributes
                0x0000000000000200       0x2d ./Drivers/STM32F1xx_HAL_Driver/Src/stm32f1xx_hal_pcd.o
 .ARM.attributes
                0x000000000000022d       0x2d ./Drivers/STM32F1xx_HAL_Driver/Src/stm32f1xx_hal_pcd_ex.o
 .ARM.attributes
                0x000000000000025a       0x2d ./Drivers/STM32F1xx_HAL_Driver/Src/stm32f1xx_hal_rcc.o
 .ARM.attributes
                0x0000000000000287       0x2d ./Drivers/STM32F1xx_HAL_Driver/Src/stm32f1xx_hal_rcc_ex.o
 .ARM.attributes
                0x00000000000002b4       0x2d ./Drivers/STM32F1xx_HAL_Driver/Src/stm32f1xx_ll_usb.o
 .ARM.attributes
                0x00000000000002e1       0x2d ./Middlewares/ST/STM32_USB_Device_Library/Class/HID/Src/usbd_hid.o
 .ARM.attributes
                0x000000000000030e       0x2d ./Middlewares/ST/STM32_USB_Device_Library/Core/Src/usbd_core.o
 .ARM.attributes
                0x000000000000033b       0x2d ./Middlewares/ST/STM32_USB_Device_Library/Core/Src/usbd_ctlreq.o
 .ARM.attributes
                0x0000000000000368       0x2d ./Middlewares/ST/STM32_USB_Device_Library/Core/Src/usbd_ioreq.o
 .ARM.attributes
                0x0000000000000395       0x2d ./USB_DEVICE/App/usb_device.o
 .ARM.attributes
                0x00000000000003c2       0x2d ./USB_DEVICE/App/usbd_desc.o
 .ARM.attributes
                0x00000000000003ef       0x2d ./USB_DEVICE/Target/usbd_conf.o
 .ARM.attributes
                0x000000000000041c       0x2d /opt/st/stm32cubeide_1.7.0/plugins/com.st.stm32cube.ide.mcu.externaltools.gnu-tools-for-stm32.9-2020-q2-update.linux64_2.0.0.202105311346/tools/bin/../lib/gcc/arm-none-eabi/9.3.1/../../../../arm-none-eabi/lib/thumb/v7-m/nofp/libc_nano.a(lib_a-init.o)
 .ARM.attributes
                0x0000000000000449       0x2d /opt/st/stm32cubeide_1.7.0/plugins/com.st.stm32cube.ide.mcu.externaltools.gnu-tools-for-stm32.9-2020-q2-update.linux64_2.0.0.202105311346/tools/bin/../lib/gcc/arm-none-eabi/9.3.1/../../../../arm-none-eabi/lib/thumb/v7-m/nofp/libc_nano.a(lib_a-memset.o)
 .ARM.attributes
                0x0000000000000476       0x1d /opt/st/stm32cubeide_1.7.0/plugins/com.st.stm32cube.ide.mcu.externaltools.gnu-tools-for-stm32.9-2020-q2-update.linux64_2.0.0.202105311346/tools/bin/../lib/gcc/arm-none-eabi/9.3.1/thumb/v7-m/nofp/crtn.o
OUTPUT(tp_joystick.elf elf32-littlearm)
LOAD linker stubs
LOAD /opt/st/stm32cubeide_1.7.0/plugins/com.st.stm32cube.ide.mcu.externaltools.gnu-tools-for-stm32.9-2020-q2-update.linux64_2.0.0.202105311346/tools/bin/../lib/gcc/arm-none-eabi/9.3.1/../../../../arm-none-eabi/lib/thumb/v7-m/nofp/libc.a
LOAD /opt/st/stm32cubeide_1.7.0/plugins/com.st.stm32cube.ide.mcu.externaltools.gnu-tools-for-stm32.9-2020-q2-update.linux64_2.0.0.202105311346/tools/bin/../lib/gcc/arm-none-eabi/9.3.1/../../../../arm-none-eabi/lib/thumb/v7-m/nofp/libm.a
LOAD /opt/st/stm32cubeide_1.7.0/plugins/com.st.stm32cube.ide.mcu.externaltools.gnu-tools-for-stm32.9-2020-q2-update.linux64_2.0.0.202105311346/tools/bin/../lib/gcc/arm-none-eabi/9.3.1/thumb/v7-m/nofp/libgcc.a

.debug_info     0x0000000000000000    0x121c2
 .debug_info    0x0000000000000000     0x17d9 ./Core/Src/main.o
 .debug_info    0x00000000000017d9      0x8bd ./Core/Src/stm32f1xx_hal_msp.o
 .debug_info    0x0000000000002096      0x711 ./Core/Src/stm32f1xx_it.o
 .debug_info    0x00000000000027a7      0x2be ./Core/Src/system_stm32f1xx.o
 .debug_info    0x0000000000002a65       0x22 ./Core/Startup/startup_stm32f103c8tx.o
 .debug_info    0x0000000000002a87      0x76a ./Drivers/STM32F1xx_HAL_Driver/Src/stm32f1xx_hal.o
 .debug_info    0x00000000000031f1      0xd2d ./Drivers/STM32F1xx_HAL_Driver/Src/stm32f1xx_hal_adc.o
 .debug_info    0x0000000000003f1e      0xaa7 ./Drivers/STM32F1xx_HAL_Driver/Src/stm32f1xx_hal_adc_ex.o
 .debug_info    0x00000000000049c5      0xbdc ./Drivers/STM32F1xx_HAL_Driver/Src/stm32f1xx_hal_cortex.o
 .debug_info    0x00000000000055a1      0x701 ./Drivers/STM32F1xx_HAL_Driver/Src/stm32f1xx_hal_gpio.o
 .debug_info    0x0000000000005ca2     0x1332 ./Drivers/STM32F1xx_HAL_Driver/Src/stm32f1xx_hal_pcd.o
 .debug_info    0x0000000000006fd4      0x7fa ./Drivers/STM32F1xx_HAL_Driver/Src/stm32f1xx_hal_pcd_ex.o
 .debug_info    0x00000000000077ce      0x88e ./Drivers/STM32F1xx_HAL_Driver/Src/stm32f1xx_hal_rcc.o
 .debug_info    0x000000000000805c      0x480 ./Drivers/STM32F1xx_HAL_Driver/Src/stm32f1xx_hal_rcc_ex.o
 .debug_info    0x00000000000084dc     0x1911 ./Drivers/STM32F1xx_HAL_Driver/Src/stm32f1xx_ll_usb.o
 .debug_info    0x0000000000009ded     0x124f ./Middlewares/ST/STM32_USB_Device_Library/Class/HID/Src/usbd_hid.o
 .debug_info    0x000000000000b03c     0x12ef ./Middlewares/ST/STM32_USB_Device_Library/Core/Src/usbd_core.o
 .debug_info    0x000000000000c32b     0x125c ./Middlewares/ST/STM32_USB_Device_Library/Core/Src/usbd_ctlreq.o
 .debug_info    0x000000000000d587     0x102e ./Middlewares/ST/STM32_USB_Device_Library/Core/Src/usbd_ioreq.o
 .debug_info    0x000000000000e5b5      0xeaf ./USB_DEVICE/App/usb_device.o
 .debug_info    0x000000000000f464      0xde8 ./USB_DEVICE/App/usbd_desc.o
 .debug_info    0x000000000001024c     0x1f76 ./USB_DEVICE/Target/usbd_conf.o

.debug_abbrev   0x0000000000000000     0x2e84
 .debug_abbrev  0x0000000000000000      0x2b0 ./Core/Src/main.o
 .debug_abbrev  0x00000000000002b0      0x1ac ./Core/Src/stm32f1xx_hal_msp.o
 .debug_abbrev  0x000000000000045c      0x173 ./Core/Src/stm32f1xx_it.o
 .debug_abbrev  0x00000000000005cf      0x14e ./Core/Src/system_stm32f1xx.o
 .debug_abbrev  0x000000000000071d       0x12 ./Core/Startup/startup_stm32f103c8tx.o
 .debug_abbrev  0x000000000000072f      0x1ed ./Drivers/STM32F1xx_HAL_Driver/Src/stm32f1xx_hal.o
 .debug_abbrev  0x000000000000091c      0x1fb ./Drivers/STM32F1xx_HAL_Driver/Src/stm32f1xx_hal_adc.o
 .debug_abbrev  0x0000000000000b17      0x21f ./Drivers/STM32F1xx_HAL_Driver/Src/stm32f1xx_hal_adc_ex.o
 .debug_abbrev  0x0000000000000d36      0x313 ./Drivers/STM32F1xx_HAL_Driver/Src/stm32f1xx_hal_cortex.o
 .debug_abbrev  0x0000000000001049      0x1e8 ./Drivers/STM32F1xx_HAL_Driver/Src/stm32f1xx_hal_gpio.o
 .debug_abbrev  0x0000000000001231      0x29e ./Drivers/STM32F1xx_HAL_Driver/Src/stm32f1xx_hal_pcd.o
 .debug_abbrev  0x00000000000014cf      0x1ac ./Drivers/STM32F1xx_HAL_Driver/Src/stm32f1xx_hal_pcd_ex.o
 .debug_abbrev  0x000000000000167b      0x273 ./Drivers/STM32F1xx_HAL_Driver/Src/stm32f1xx_hal_rcc.o
 .debug_abbrev  0x00000000000018ee      0x193 ./Drivers/STM32F1xx_HAL_Driver/Src/stm32f1xx_hal_rcc_ex.o
 .debug_abbrev  0x0000000000001a81      0x1fa ./Drivers/STM32F1xx_HAL_Driver/Src/stm32f1xx_ll_usb.o
 .debug_abbrev  0x0000000000001c7b      0x2b7 ./Middlewares/ST/STM32_USB_Device_Library/Class/HID/Src/usbd_hid.o
 .debug_abbrev  0x0000000000001f32      0x2a8 ./Middlewares/ST/STM32_USB_Device_Library/Core/Src/usbd_core.o
 .debug_abbrev  0x00000000000021da      0x2de ./Middlewares/ST/STM32_USB_Device_Library/Core/Src/usbd_ctlreq.o
 .debug_abbrev  0x00000000000024b8      0x20a ./Middlewares/ST/STM32_USB_Device_Library/Core/Src/usbd_ioreq.o
 .debug_abbrev  0x00000000000026c2      0x1db ./USB_DEVICE/App/usb_device.o
 .debug_abbrev  0x000000000000289d      0x2ca ./USB_DEVICE/App/usbd_desc.o
 .debug_abbrev  0x0000000000002b67      0x31d ./USB_DEVICE/Target/usbd_conf.o

.debug_aranges  0x0000000000000000      0xb80
 .debug_aranges
                0x0000000000000000       0x40 ./Core/Src/main.o
 .debug_aranges
                0x0000000000000040       0x30 ./Core/Src/stm32f1xx_hal_msp.o
 .debug_aranges
                0x0000000000000070       0x68 ./Core/Src/stm32f1xx_it.o
 .debug_aranges
                0x00000000000000d8       0x28 ./Core/Src/system_stm32f1xx.o
 .debug_aranges
                0x0000000000000100       0x28 ./Core/Startup/startup_stm32f103c8tx.o
 .debug_aranges
                0x0000000000000128       0xe0 ./Drivers/STM32F1xx_HAL_Driver/Src/stm32f1xx_hal.o
 .debug_aranges
                0x0000000000000208       0xf0 ./Drivers/STM32F1xx_HAL_Driver/Src/stm32f1xx_hal_adc.o
 .debug_aranges
                0x00000000000002f8       0x80 ./Drivers/STM32F1xx_HAL_Driver/Src/stm32f1xx_hal_adc_ex.o
 .debug_aranges
                0x0000000000000378      0x100 ./Drivers/STM32F1xx_HAL_Driver/Src/stm32f1xx_hal_cortex.o
 .debug_aranges
                0x0000000000000478       0x58 ./Drivers/STM32F1xx_HAL_Driver/Src/stm32f1xx_hal_gpio.o
 .debug_aranges
                0x00000000000004d0      0x138 ./Drivers/STM32F1xx_HAL_Driver/Src/stm32f1xx_hal_pcd.o
 .debug_aranges
                0x0000000000000608       0x38 ./Drivers/STM32F1xx_HAL_Driver/Src/stm32f1xx_hal_pcd_ex.o
 .debug_aranges
                0x0000000000000640       0x90 ./Drivers/STM32F1xx_HAL_Driver/Src/stm32f1xx_hal_rcc.o
 .debug_aranges
                0x00000000000006d0       0x30 ./Drivers/STM32F1xx_HAL_Driver/Src/stm32f1xx_hal_rcc_ex.o
 .debug_aranges
                0x0000000000000700       0xf0 ./Drivers/STM32F1xx_HAL_Driver/Src/stm32f1xx_ll_usb.o
 .debug_aranges
                0x00000000000007f0       0x68 ./Middlewares/ST/STM32_USB_Device_Library/Class/HID/Src/usbd_hid.o
 .debug_aranges
                0x0000000000000858       0xb8 ./Middlewares/ST/STM32_USB_Device_Library/Core/Src/usbd_core.o
 .debug_aranges
                0x0000000000000910       0x88 ./Middlewares/ST/STM32_USB_Device_Library/Core/Src/usbd_ctlreq.o
 .debug_aranges
                0x0000000000000998       0x50 ./Middlewares/ST/STM32_USB_Device_Library/Core/Src/usbd_ioreq.o
 .debug_aranges
                0x00000000000009e8       0x20 ./USB_DEVICE/App/usb_device.o
 .debug_aranges
                0x0000000000000a08       0x60 ./USB_DEVICE/App/usbd_desc.o
 .debug_aranges
                0x0000000000000a68      0x118 ./USB_DEVICE/Target/usbd_conf.o

.debug_ranges   0x0000000000000000      0xa28
 .debug_ranges  0x0000000000000000       0x30 ./Core/Src/main.o
 .debug_ranges  0x0000000000000030       0x20 ./Core/Src/stm32f1xx_hal_msp.o
 .debug_ranges  0x0000000000000050       0x58 ./Core/Src/stm32f1xx_it.o
 .debug_ranges  0x00000000000000a8       0x18 ./Core/Src/system_stm32f1xx.o
 .debug_ranges  0x00000000000000c0       0x20 ./Core/Startup/startup_stm32f103c8tx.o
 .debug_ranges  0x00000000000000e0       0xd0 ./Drivers/STM32F1xx_HAL_Driver/Src/stm32f1xx_hal.o
 .debug_ranges  0x00000000000001b0       0xe0 ./Drivers/STM32F1xx_HAL_Driver/Src/stm32f1xx_hal_adc.o
 .debug_ranges  0x0000000000000290       0x70 ./Drivers/STM32F1xx_HAL_Driver/Src/stm32f1xx_hal_adc_ex.o
 .debug_ranges  0x0000000000000300       0xf0 ./Drivers/STM32F1xx_HAL_Driver/Src/stm32f1xx_hal_cortex.o
 .debug_ranges  0x00000000000003f0       0x48 ./Drivers/STM32F1xx_HAL_Driver/Src/stm32f1xx_hal_gpio.o
 .debug_ranges  0x0000000000000438      0x128 ./Drivers/STM32F1xx_HAL_Driver/Src/stm32f1xx_hal_pcd.o
 .debug_ranges  0x0000000000000560       0x28 ./Drivers/STM32F1xx_HAL_Driver/Src/stm32f1xx_hal_pcd_ex.o
 .debug_ranges  0x0000000000000588       0x80 ./Drivers/STM32F1xx_HAL_Driver/Src/stm32f1xx_hal_rcc.o
 .debug_ranges  0x0000000000000608       0x20 ./Drivers/STM32F1xx_HAL_Driver/Src/stm32f1xx_hal_rcc_ex.o
 .debug_ranges  0x0000000000000628       0xe0 ./Drivers/STM32F1xx_HAL_Driver/Src/stm32f1xx_ll_usb.o
 .debug_ranges  0x0000000000000708       0x58 ./Middlewares/ST/STM32_USB_Device_Library/Class/HID/Src/usbd_hid.o
 .debug_ranges  0x0000000000000760       0xa8 ./Middlewares/ST/STM32_USB_Device_Library/Core/Src/usbd_core.o
 .debug_ranges  0x0000000000000808       0x78 ./Middlewares/ST/STM32_USB_Device_Library/Core/Src/usbd_ctlreq.o
 .debug_ranges  0x0000000000000880       0x40 ./Middlewares/ST/STM32_USB_Device_Library/Core/Src/usbd_ioreq.o
 .debug_ranges  0x00000000000008c0       0x10 ./USB_DEVICE/App/usb_device.o
 .debug_ranges  0x00000000000008d0       0x50 ./USB_DEVICE/App/usbd_desc.o
 .debug_ranges  0x0000000000000920      0x108 ./USB_DEVICE/Target/usbd_conf.o

.debug_macro    0x0000000000000000    0x19d50
 .debug_macro   0x0000000000000000      0x3c9 ./Core/Src/main.o
 .debug_macro   0x00000000000003c9      0xa9c ./Core/Src/main.o
 .debug_macro   0x0000000000000e65      0x21b ./Core/Src/main.o
 .debug_macro   0x0000000000001080       0x2e ./Core/Src/main.o
 .debug_macro   0x00000000000010ae       0x22 ./Core/Src/main.o
 .debug_macro   0x00000000000010d0       0x22 ./Core/Src/main.o
 .debug_macro   0x00000000000010f2       0x8e ./Core/Src/main.o
 .debug_macro   0x0000000000001180       0x51 ./Core/Src/main.o
 .debug_macro   0x00000000000011d1      0x103 ./Core/Src/main.o
 .debug_macro   0x00000000000012d4       0x6a ./Core/Src/main.o
 .debug_macro   0x000000000000133e      0x1df ./Core/Src/main.o
 .debug_macro   0x000000000000151d       0x1c ./Core/Src/main.o
 .debug_macro   0x0000000000001539       0x22 ./Core/Src/main.o
 .debug_macro   0x000000000000155b       0xc3 ./Core/Src/main.o
 .debug_macro   0x000000000000161e      0xd23 ./Core/Src/main.o
 .debug_macro   0x0000000000002341     0xe097 ./Core/Src/main.o
 .debug_macro   0x00000000000103d8       0x43 ./Core/Src/main.o
 .debug_macro   0x000000000001041b     0x3468 ./Core/Src/main.o
 .debug_macro   0x0000000000013883      0x174 ./Core/Src/main.o
 .debug_macro   0x00000000000139f7       0x5c ./Core/Src/main.o
 .debug_macro   0x0000000000013a53      0x5be ./Core/Src/main.o
 .debug_macro   0x0000000000014011      0x289 ./Core/Src/main.o
 .debug_macro   0x000000000001429a      0x1cb ./Core/Src/main.o
 .debug_macro   0x0000000000014465      0x114 ./Core/Src/main.o
 .debug_macro   0x0000000000014579      0x1b2 ./Core/Src/main.o
 .debug_macro   0x000000000001472b       0x27 ./Core/Src/main.o
 .debug_macro   0x0000000000014752      0x136 ./Core/Src/main.o
 .debug_macro   0x0000000000014888      0x1bc ./Core/Src/main.o
 .debug_macro   0x0000000000014a44       0x34 ./Core/Src/main.o
 .debug_macro   0x0000000000014a78       0x3c ./Core/Src/main.o
 .debug_macro   0x0000000000014ab4       0x57 ./Core/Src/main.o
 .debug_macro   0x0000000000014b0b      0x46a ./Core/Src/main.o
 .debug_macro   0x0000000000014f75      0x1b5 ./Core/Src/main.o
 .debug_macro   0x000000000001512a       0x88 ./Core/Src/main.o
 .debug_macro   0x00000000000151b2      0x241 ./Core/Src/main.o
 .debug_macro   0x00000000000153f3      0x141 ./Core/Src/main.o
 .debug_macro   0x0000000000015534       0x65 ./Core/Src/main.o
 .debug_macro   0x0000000000015599      0x249 ./Core/Src/main.o
 .debug_macro   0x00000000000157e2       0x83 ./Core/Src/main.o
 .debug_macro   0x0000000000015865       0x52 ./Core/Src/main.o
 .debug_macro   0x00000000000158b7       0x18 ./Core/Src/main.o
 .debug_macro   0x00000000000158cf       0x3c ./Core/Src/main.o
 .debug_macro   0x000000000001590b       0x34 ./Core/Src/main.o
 .debug_macro   0x000000000001593f       0x16 ./Core/Src/main.o
 .debug_macro   0x0000000000015955       0x35 ./Core/Src/main.o
 .debug_macro   0x000000000001598a      0x333 ./Core/Src/main.o
 .debug_macro   0x0000000000015cbd       0x10 ./Core/Src/main.o
 .debug_macro   0x0000000000015ccd       0x16 ./Core/Src/main.o
 .debug_macro   0x0000000000015ce3       0x43 ./Core/Src/main.o
 .debug_macro   0x0000000000015d26       0x34 ./Core/Src/main.o
 .debug_macro   0x0000000000015d5a       0x10 ./Core/Src/main.o
 .debug_macro   0x0000000000015d6a       0x58 ./Core/Src/main.o
 .debug_macro   0x0000000000015dc2       0x71 ./Core/Src/main.o
 .debug_macro   0x0000000000015e33       0x1c ./Core/Src/main.o
 .debug_macro   0x0000000000015e4f      0x12a ./Core/Src/main.o
 .debug_macro   0x0000000000015f79       0x10 ./Core/Src/main.o
 .debug_macro   0x0000000000015f89       0x1c ./Core/Src/main.o
 .debug_macro   0x0000000000015fa5       0x52 ./Core/Src/main.o
 .debug_macro   0x0000000000015ff7       0x22 ./Core/Src/main.o
 .debug_macro   0x0000000000016019       0x10 ./Core/Src/main.o
 .debug_macro   0x0000000000016029       0x40 ./Core/Src/main.o
 .debug_macro   0x0000000000016069       0xd5 ./Core/Src/main.o
 .debug_macro   0x000000000001613e       0x1c ./Core/Src/main.o
 .debug_macro   0x000000000001615a       0x3d ./Core/Src/main.o
 .debug_macro   0x0000000000016197       0x16 ./Core/Src/main.o
 .debug_macro   0x00000000000161ad      0x145 ./Core/Src/main.o
 .debug_macro   0x00000000000162f2       0x16 ./Core/Src/main.o
 .debug_macro   0x0000000000016308       0x16 ./Core/Src/main.o
 .debug_macro   0x000000000001631e       0x29 ./Core/Src/main.o
 .debug_macro   0x0000000000016347       0x16 ./Core/Src/main.o
 .debug_macro   0x000000000001635d       0x20 ./Core/Src/main.o
 .debug_macro   0x000000000001637d       0x60 ./Core/Src/main.o
 .debug_macro   0x00000000000163dd      0x1c8 ./Core/Src/main.o
 .debug_macro   0x00000000000165a5      0x1c6 ./Core/Src/stm32f1xx_hal_msp.o
 .debug_macro   0x000000000001676b      0x1d0 ./Core/Src/stm32f1xx_it.o
 .debug_macro   0x000000000001693b      0x1bc ./Core/Src/system_stm32f1xx.o
 .debug_macro   0x0000000000016af7      0x1e0 ./Drivers/STM32F1xx_HAL_Driver/Src/stm32f1xx_hal.o
 .debug_macro   0x0000000000016cd7      0x1d9 ./Drivers/STM32F1xx_HAL_Driver/Src/stm32f1xx_hal_adc.o
 .debug_macro   0x0000000000016eb0      0x1ce ./Drivers/STM32F1xx_HAL_Driver/Src/stm32f1xx_hal_adc_ex.o
 .debug_macro   0x000000000001707e      0x1bc ./Drivers/STM32F1xx_HAL_Driver/Src/stm32f1xx_hal_cortex.o
 .debug_macro   0x000000000001723a      0x227 ./Drivers/STM32F1xx_HAL_Driver/Src/stm32f1xx_hal_gpio.o
 .debug_macro   0x0000000000017461      0x1c8 ./Drivers/STM32F1xx_HAL_Driver/Src/stm32f1xx_hal_pcd.o
 .debug_macro   0x0000000000017629      0x1bc ./Drivers/STM32F1xx_HAL_Driver/Src/stm32f1xx_hal_pcd_ex.o
 .debug_macro   0x00000000000177e5      0x1ce ./Drivers/STM32F1xx_HAL_Driver/Src/stm32f1xx_hal_rcc.o
 .debug_macro   0x00000000000179b3      0x1bc ./Drivers/STM32F1xx_HAL_Driver/Src/stm32f1xx_hal_rcc_ex.o
 .debug_macro   0x0000000000017b6f      0x1bc ./Drivers/STM32F1xx_HAL_Driver/Src/stm32f1xx_ll_usb.o
 .debug_macro   0x0000000000017d2b      0x3dc ./Middlewares/ST/STM32_USB_Device_Library/Class/HID/Src/usbd_hid.o
 .debug_macro   0x0000000000018107       0x97 ./Middlewares/ST/STM32_USB_Device_Library/Class/HID/Src/usbd_hid.o
 .debug_macro   0x000000000001819e       0xfd ./Middlewares/ST/STM32_USB_Device_Library/Class/HID/Src/usbd_hid.o
 .debug_macro   0x000000000001829b       0xbd ./Middlewares/ST/STM32_USB_Device_Library/Class/HID/Src/usbd_hid.o
 .debug_macro   0x0000000000018358       0x56 ./Middlewares/ST/STM32_USB_Device_Library/Class/HID/Src/usbd_hid.o
 .debug_macro   0x00000000000183ae       0x5e ./Middlewares/ST/STM32_USB_Device_Library/Class/HID/Src/usbd_hid.o
 .debug_macro   0x000000000001840c      0x3c3 ./Middlewares/ST/STM32_USB_Device_Library/Core/Src/usbd_core.o
 .debug_macro   0x00000000000187cf      0x1ce ./Middlewares/ST/STM32_USB_Device_Library/Core/Src/usbd_core.o
 .debug_macro   0x000000000001899d      0x3cd ./Middlewares/ST/STM32_USB_Device_Library/Core/Src/usbd_ctlreq.o
 .debug_macro   0x0000000000018d6a      0x3c9 ./Middlewares/ST/STM32_USB_Device_Library/Core/Src/usbd_ioreq.o
 .debug_macro   0x0000000000019133      0x3f9 ./USB_DEVICE/App/usb_device.o
 .debug_macro   0x000000000001952c       0x22 ./USB_DEVICE/App/usb_device.o
 .debug_macro   0x000000000001954e      0x400 ./USB_DEVICE/App/usbd_desc.o
 .debug_macro   0x000000000001994e       0x1c ./USB_DEVICE/App/usbd_desc.o
 .debug_macro   0x000000000001996a      0x3e6 ./USB_DEVICE/Target/usbd_conf.o

.debug_line     0x0000000000000000     0xef83
 .debug_line    0x0000000000000000      0xafc ./Core/Src/main.o
 .debug_line    0x0000000000000afc      0x6cf ./Core/Src/stm32f1xx_hal_msp.o
 .debug_line    0x00000000000011cb      0x75c ./Core/Src/stm32f1xx_it.o
 .debug_line    0x0000000000001927      0x706 ./Core/Src/system_stm32f1xx.o
 .debug_line    0x000000000000202d       0x84 ./Core/Startup/startup_stm32f103c8tx.o
 .debug_line    0x00000000000020b1      0x933 ./Drivers/STM32F1xx_HAL_Driver/Src/stm32f1xx_hal.o
 .debug_line    0x00000000000029e4      0xf93 ./Drivers/STM32F1xx_HAL_Driver/Src/stm32f1xx_hal_adc.o
 .debug_line    0x0000000000003977      0xce0 ./Drivers/STM32F1xx_HAL_Driver/Src/stm32f1xx_hal_adc_ex.o
 .debug_line    0x0000000000004657      0xb1b ./Drivers/STM32F1xx_HAL_Driver/Src/stm32f1xx_hal_cortex.o
 .debug_line    0x0000000000005172      0x9ca ./Drivers/STM32F1xx_HAL_Driver/Src/stm32f1xx_hal_gpio.o
 .debug_line    0x0000000000005b3c     0x12b2 ./Drivers/STM32F1xx_HAL_Driver/Src/stm32f1xx_hal_pcd.o
 .debug_line    0x0000000000006dee      0x701 ./Drivers/STM32F1xx_HAL_Driver/Src/stm32f1xx_hal_pcd_ex.o
 .debug_line    0x00000000000074ef      0xd41 ./Drivers/STM32F1xx_HAL_Driver/Src/stm32f1xx_hal_rcc.o
 .debug_line    0x0000000000008230      0x87f ./Drivers/STM32F1xx_HAL_Driver/Src/stm32f1xx_hal_rcc_ex.o
 .debug_line    0x0000000000008aaf      0xf88 ./Drivers/STM32F1xx_HAL_Driver/Src/stm32f1xx_ll_usb.o
 .debug_line    0x0000000000009a37      0xbc5 ./Middlewares/ST/STM32_USB_Device_Library/Class/HID/Src/usbd_hid.o
 .debug_line    0x000000000000a5fc      0xd8c ./Middlewares/ST/STM32_USB_Device_Library/Core/Src/usbd_core.o
 .debug_line    0x000000000000b388      0xfab ./Middlewares/ST/STM32_USB_Device_Library/Core/Src/usbd_ctlreq.o
 .debug_line    0x000000000000c333      0xa22 ./Middlewares/ST/STM32_USB_Device_Library/Core/Src/usbd_ioreq.o
 .debug_line    0x000000000000cd55      0x9c8 ./USB_DEVICE/App/usb_device.o
 .debug_line    0x000000000000d71d      0xaab ./USB_DEVICE/App/usbd_desc.o
 .debug_line    0x000000000000e1c8      0xdbb ./USB_DEVICE/Target/usbd_conf.o

.debug_str      0x0000000000000000    0x898b1
 .debug_str     0x0000000000000000    0x86b11 ./Core/Src/main.o
                                      0x8702b (size before relaxing)
 .debug_str     0x0000000000086b11       0x81 ./Core/Src/stm32f1xx_hal_msp.o
                                      0x81e70 (size before relaxing)
 .debug_str     0x0000000000086b92      0x39e ./Core/Src/stm32f1xx_it.o
                                      0x81e91 (size before relaxing)
 .debug_str     0x0000000000086f30       0x52 ./Core/Src/system_stm32f1xx.o
                                      0x81adb (size before relaxing)
 .debug_str     0x0000000000086f82       0x36 ./Core/Startup/startup_stm32f103c8tx.o
                                         0x75 (size before relaxing)
 .debug_str     0x0000000000086fb8      0x55e ./Drivers/STM32F1xx_HAL_Driver/Src/stm32f1xx_hal.o
                                      0x8216c (size before relaxing)
 .debug_str     0x0000000000087516      0x35e ./Drivers/STM32F1xx_HAL_Driver/Src/stm32f1xx_hal_adc.o
                                      0x8216b (size before relaxing)
 .debug_str     0x0000000000087874      0x2fb ./Drivers/STM32F1xx_HAL_Driver/Src/stm32f1xx_hal_adc_ex.o
                                      0x82120 (size before relaxing)
 .debug_str     0x0000000000087b6f      0x2d8 ./Drivers/STM32F1xx_HAL_Driver/Src/stm32f1xx_hal_cortex.o
                                      0x82174 (size before relaxing)
 .debug_str     0x0000000000087e47      0x324 ./Drivers/STM32F1xx_HAL_Driver/Src/stm32f1xx_hal_gpio.o
                                      0x81e9f (size before relaxing)
 .debug_str     0x000000000008816b      0x3e5 ./Drivers/STM32F1xx_HAL_Driver/Src/stm32f1xx_hal_pcd.o
                                      0x8222e (size before relaxing)
 .debug_str     0x0000000000088550      0x18d ./Drivers/STM32F1xx_HAL_Driver/Src/stm32f1xx_hal_pcd_ex.o
                                      0x81f7b (size before relaxing)
 .debug_str     0x00000000000886dd      0x24f ./Drivers/STM32F1xx_HAL_Driver/Src/stm32f1xx_hal_rcc.o
                                      0x81ed8 (size before relaxing)
 .debug_str     0x000000000008892c       0xb9 ./Drivers/STM32F1xx_HAL_Driver/Src/stm32f1xx_hal_rcc_ex.o
                                      0x81c65 (size before relaxing)
 .debug_str     0x00000000000889e5      0x2ad ./Drivers/STM32F1xx_HAL_Driver/Src/stm32f1xx_ll_usb.o
                                      0x81fae (size before relaxing)
 .debug_str     0x0000000000088c92      0x42f ./Middlewares/ST/STM32_USB_Device_Library/Class/HID/Src/usbd_hid.o
                                      0x86dd1 (size before relaxing)
 .debug_str     0x00000000000890c1      0x1a2 ./Middlewares/ST/STM32_USB_Device_Library/Core/Src/usbd_core.o
                                      0x86bda (size before relaxing)
 .debug_str     0x0000000000089263      0x12f ./Middlewares/ST/STM32_USB_Device_Library/Core/Src/usbd_ctlreq.o
                                      0x86b60 (size before relaxing)
 .debug_str     0x0000000000089392       0xc9 ./Middlewares/ST/STM32_USB_Device_Library/Core/Src/usbd_ioreq.o
                                      0x86ae8 (size before relaxing)
 .debug_str     0x000000000008945b       0xb5 ./USB_DEVICE/App/usb_device.o
                                      0x86c54 (size before relaxing)
 .debug_str     0x0000000000089510      0x258 ./USB_DEVICE/App/usbd_desc.o
                                      0x86a53 (size before relaxing)
 .debug_str     0x0000000000089768      0x149 ./USB_DEVICE/Target/usbd_conf.o
                                      0x875a2 (size before relaxing)

.comment        0x0000000000000000       0x53
 .comment       0x0000000000000000       0x53 ./Core/Src/main.o
                                         0x54 (size before relaxing)
 .comment       0x0000000000000053       0x54 ./Core/Src/stm32f1xx_hal_msp.o
 .comment       0x0000000000000053       0x54 ./Core/Src/stm32f1xx_it.o
 .comment       0x0000000000000053       0x54 ./Core/Src/system_stm32f1xx.o
 .comment       0x0000000000000053       0x54 ./Drivers/STM32F1xx_HAL_Driver/Src/stm32f1xx_hal.o
 .comment       0x0000000000000053       0x54 ./Drivers/STM32F1xx_HAL_Driver/Src/stm32f1xx_hal_adc.o
 .comment       0x0000000000000053       0x54 ./Drivers/STM32F1xx_HAL_Driver/Src/stm32f1xx_hal_adc_ex.o
 .comment       0x0000000000000053       0x54 ./Drivers/STM32F1xx_HAL_Driver/Src/stm32f1xx_hal_cortex.o
 .comment       0x0000000000000053       0x54 ./Drivers/STM32F1xx_HAL_Driver/Src/stm32f1xx_hal_gpio.o
 .comment       0x0000000000000053       0x54 ./Drivers/STM32F1xx_HAL_Driver/Src/stm32f1xx_hal_pcd.o
 .comment       0x0000000000000053       0x54 ./Drivers/STM32F1xx_HAL_Driver/Src/stm32f1xx_hal_pcd_ex.o
 .comment       0x0000000000000053       0x54 ./Drivers/STM32F1xx_HAL_Driver/Src/stm32f1xx_hal_rcc.o
 .comment       0x0000000000000053       0x54 ./Drivers/STM32F1xx_HAL_Driver/Src/stm32f1xx_hal_rcc_ex.o
 .comment       0x0000000000000053       0x54 ./Drivers/STM32F1xx_HAL_Driver/Src/stm32f1xx_ll_usb.o
 .comment       0x0000000000000053       0x54 ./Middlewares/ST/STM32_USB_Device_Library/Class/HID/Src/usbd_hid.o
 .comment       0x0000000000000053       0x54 ./Middlewares/ST/STM32_USB_Device_Library/Core/Src/usbd_core.o
 .comment       0x0000000000000053       0x54 ./Middlewares/ST/STM32_USB_Device_Library/Core/Src/usbd_ctlreq.o
 .comment       0x0000000000000053       0x54 ./Middlewares/ST/STM32_USB_Device_Library/Core/Src/usbd_ioreq.o
 .comment       0x0000000000000053       0x54 ./USB_DEVICE/App/usb_device.o
 .comment       0x0000000000000053       0x54 ./USB_DEVICE/App/usbd_desc.o
 .comment       0x0000000000000053       0x54 ./USB_DEVICE/Target/usbd_conf.o

.debug_frame    0x0000000000000000     0x2cbc
 .debug_frame   0x0000000000000000       0xbc ./Core/Src/main.o
 .debug_frame   0x00000000000000bc       0x80 ./Core/Src/stm32f1xx_hal_msp.o
 .debug_frame   0x000000000000013c      0x128 ./Core/Src/stm32f1xx_it.o
 .debug_frame   0x0000000000000264       0x58 ./Core/Src/system_stm32f1xx.o
 .debug_frame   0x00000000000002bc      0x334 ./Drivers/STM32F1xx_HAL_Driver/Src/stm32f1xx_hal.o
 .debug_frame   0x00000000000005f0      0x40c ./Drivers/STM32F1xx_HAL_Driver/Src/stm32f1xx_hal_adc.o
 .debug_frame   0x00000000000009fc      0x204 ./Drivers/STM32F1xx_HAL_Driver/Src/stm32f1xx_hal_adc_ex.o
 .debug_frame   0x0000000000000c00      0x428 ./Drivers/STM32F1xx_HAL_Driver/Src/stm32f1xx_hal_cortex.o
 .debug_frame   0x0000000000001028      0x14c ./Drivers/STM32F1xx_HAL_Driver/Src/stm32f1xx_hal_gpio.o
 .debug_frame   0x0000000000001174      0x578 ./Drivers/STM32F1xx_HAL_Driver/Src/stm32f1xx_hal_pcd.o
 .debug_frame   0x00000000000016ec       0xb0 ./Drivers/STM32F1xx_HAL_Driver/Src/stm32f1xx_hal_pcd_ex.o
 .debug_frame   0x000000000000179c      0x21c ./Drivers/STM32F1xx_HAL_Driver/Src/stm32f1xx_hal_rcc.o
 .debug_frame   0x00000000000019b8       0x84 ./Drivers/STM32F1xx_HAL_Driver/Src/stm32f1xx_hal_rcc_ex.o
 .debug_frame   0x0000000000001a3c      0x450 ./Drivers/STM32F1xx_HAL_Driver/Src/stm32f1xx_ll_usb.o
 .debug_frame   0x0000000000001e8c      0x190 ./Middlewares/ST/STM32_USB_Device_Library/Class/HID/Src/usbd_hid.o
 .debug_frame   0x000000000000201c      0x300 ./Middlewares/ST/STM32_USB_Device_Library/Core/Src/usbd_core.o
 .debug_frame   0x000000000000231c      0x218 ./Middlewares/ST/STM32_USB_Device_Library/Core/Src/usbd_ctlreq.o
 .debug_frame   0x0000000000002534      0x10c ./Middlewares/ST/STM32_USB_Device_Library/Core/Src/usbd_ioreq.o
 .debug_frame   0x0000000000002640       0x2c ./USB_DEVICE/App/usb_device.o
 .debug_frame   0x000000000000266c      0x160 ./USB_DEVICE/App/usbd_desc.o
 .debug_frame   0x00000000000027cc      0x4a4 ./USB_DEVICE/Target/usbd_conf.o
 .debug_frame   0x0000000000002c70       0x2c /opt/st/stm32cubeide_1.7.0/plugins/com.st.stm32cube.ide.mcu.externaltools.gnu-tools-for-stm32.9-2020-q2-update.linux64_2.0.0.202105311346/tools/bin/../lib/gcc/arm-none-eabi/9.3.1/../../../../arm-none-eabi/lib/thumb/v7-m/nofp/libc_nano.a(lib_a-init.o)
 .debug_frame   0x0000000000002c9c       0x20 /opt/st/stm32cubeide_1.7.0/plugins/com.st.stm32cube.ide.mcu.externaltools.gnu-tools-for-stm32.9-2020-q2-update.linux64_2.0.0.202105311346/tools/bin/../lib/gcc/arm-none-eabi/9.3.1/../../../../arm-none-eabi/lib/thumb/v7-m/nofp/libc_nano.a(lib_a-memset.o)
