Archive member included to satisfy reference by file (symbol)

/opt/st/stm32cubeide_1.6.1_3/plugins/com.st.stm32cube.ide.mcu.externaltools.gnu-tools-for-stm32.9-2020-q2-update.linux64_1.5.0.202011040924/tools/bin/../lib/gcc/arm-none-eabi/9.3.1/../../../../arm-none-eabi/lib/thumb/v7-m/nofp/libc_nano.a(lib_a-errno.o)
                              Core/Src/syscalls.o (__errno)
/opt/st/stm32cubeide_1.6.1_3/plugins/com.st.stm32cube.ide.mcu.externaltools.gnu-tools-for-stm32.9-2020-q2-update.linux64_1.5.0.202011040924/tools/bin/../lib/gcc/arm-none-eabi/9.3.1/../../../../arm-none-eabi/lib/thumb/v7-m/nofp/libc_nano.a(lib_a-exit.o)
                              /opt/st/stm32cubeide_1.6.1_3/plugins/com.st.stm32cube.ide.mcu.externaltools.gnu-tools-for-stm32.9-2020-q2-update.linux64_1.5.0.202011040924/tools/bin/../lib/gcc/arm-none-eabi/9.3.1/../../../../arm-none-eabi/lib/thumb/v7-m/nofp/crt0.o (exit)
/opt/st/stm32cubeide_1.6.1_3/plugins/com.st.stm32cube.ide.mcu.externaltools.gnu-tools-for-stm32.9-2020-q2-update.linux64_1.5.0.202011040924/tools/bin/../lib/gcc/arm-none-eabi/9.3.1/../../../../arm-none-eabi/lib/thumb/v7-m/nofp/libc_nano.a(lib_a-impure.o)
                              /opt/st/stm32cubeide_1.6.1_3/plugins/com.st.stm32cube.ide.mcu.externaltools.gnu-tools-for-stm32.9-2020-q2-update.linux64_1.5.0.202011040924/tools/bin/../lib/gcc/arm-none-eabi/9.3.1/../../../../arm-none-eabi/lib/thumb/v7-m/nofp/libc_nano.a(lib_a-exit.o) (_global_impure_ptr)
/opt/st/stm32cubeide_1.6.1_3/plugins/com.st.stm32cube.ide.mcu.externaltools.gnu-tools-for-stm32.9-2020-q2-update.linux64_1.5.0.202011040924/tools/bin/../lib/gcc/arm-none-eabi/9.3.1/../../../../arm-none-eabi/lib/thumb/v7-m/nofp/libc_nano.a(lib_a-init.o)
                              /opt/st/stm32cubeide_1.6.1_3/plugins/com.st.stm32cube.ide.mcu.externaltools.gnu-tools-for-stm32.9-2020-q2-update.linux64_1.5.0.202011040924/tools/bin/../lib/gcc/arm-none-eabi/9.3.1/../../../../arm-none-eabi/lib/thumb/v7-m/nofp/crt0.o (__libc_init_array)
/opt/st/stm32cubeide_1.6.1_3/plugins/com.st.stm32cube.ide.mcu.externaltools.gnu-tools-for-stm32.9-2020-q2-update.linux64_1.5.0.202011040924/tools/bin/../lib/gcc/arm-none-eabi/9.3.1/../../../../arm-none-eabi/lib/thumb/v7-m/nofp/libc_nano.a(lib_a-memset.o)
                              /opt/st/stm32cubeide_1.6.1_3/plugins/com.st.stm32cube.ide.mcu.externaltools.gnu-tools-for-stm32.9-2020-q2-update.linux64_1.5.0.202011040924/tools/bin/../lib/gcc/arm-none-eabi/9.3.1/../../../../arm-none-eabi/lib/thumb/v7-m/nofp/crt0.o (memset)

Allocating common symbols
Common symbol       size              file

uwTick              0x4               Drivers/STM32F1xx_HAL_Driver/Src/stm32f1xx_hal.o
pFlash              0x20              Drivers/STM32F1xx_HAL_Driver/Src/stm32f1xx_hal_flash.o

Discarded input sections

 .text          0x0000000000000000        0x0 /opt/st/stm32cubeide_1.6.1_3/plugins/com.st.stm32cube.ide.mcu.externaltools.gnu-tools-for-stm32.9-2020-q2-update.linux64_1.5.0.202011040924/tools/bin/../lib/gcc/arm-none-eabi/9.3.1/thumb/v7-m/nofp/crti.o
 .data          0x0000000000000000        0x0 /opt/st/stm32cubeide_1.6.1_3/plugins/com.st.stm32cube.ide.mcu.externaltools.gnu-tools-for-stm32.9-2020-q2-update.linux64_1.5.0.202011040924/tools/bin/../lib/gcc/arm-none-eabi/9.3.1/thumb/v7-m/nofp/crti.o
 .bss           0x0000000000000000        0x0 /opt/st/stm32cubeide_1.6.1_3/plugins/com.st.stm32cube.ide.mcu.externaltools.gnu-tools-for-stm32.9-2020-q2-update.linux64_1.5.0.202011040924/tools/bin/../lib/gcc/arm-none-eabi/9.3.1/thumb/v7-m/nofp/crti.o
 .data          0x0000000000000000        0x4 /opt/st/stm32cubeide_1.6.1_3/plugins/com.st.stm32cube.ide.mcu.externaltools.gnu-tools-for-stm32.9-2020-q2-update.linux64_1.5.0.202011040924/tools/bin/../lib/gcc/arm-none-eabi/9.3.1/thumb/v7-m/nofp/crtbegin.o
 .text          0x0000000000000000       0x7c /opt/st/stm32cubeide_1.6.1_3/plugins/com.st.stm32cube.ide.mcu.externaltools.gnu-tools-for-stm32.9-2020-q2-update.linux64_1.5.0.202011040924/tools/bin/../lib/gcc/arm-none-eabi/9.3.1/../../../../arm-none-eabi/lib/thumb/v7-m/nofp/crt0.o
 .data          0x0000000000000000        0x0 /opt/st/stm32cubeide_1.6.1_3/plugins/com.st.stm32cube.ide.mcu.externaltools.gnu-tools-for-stm32.9-2020-q2-update.linux64_1.5.0.202011040924/tools/bin/../lib/gcc/arm-none-eabi/9.3.1/../../../../arm-none-eabi/lib/thumb/v7-m/nofp/crt0.o
 .bss           0x0000000000000000        0x0 /opt/st/stm32cubeide_1.6.1_3/plugins/com.st.stm32cube.ide.mcu.externaltools.gnu-tools-for-stm32.9-2020-q2-update.linux64_1.5.0.202011040924/tools/bin/../lib/gcc/arm-none-eabi/9.3.1/../../../../arm-none-eabi/lib/thumb/v7-m/nofp/crt0.o
 .ARM.extab     0x0000000000000000        0x0 /opt/st/stm32cubeide_1.6.1_3/plugins/com.st.stm32cube.ide.mcu.externaltools.gnu-tools-for-stm32.9-2020-q2-update.linux64_1.5.0.202011040924/tools/bin/../lib/gcc/arm-none-eabi/9.3.1/../../../../arm-none-eabi/lib/thumb/v7-m/nofp/crt0.o
[...]
Memory Configuration

Name             Origin             Length             Attributes
RAM              0x0000000020000000 0x0000000000005000 xrw
FLASH            0x0000000008000000 0x0000000000010000 xr
*default*        0x0000000000000000 0xffffffffffffffff

Linker script and memory map

LOAD /opt/st/stm32cubeide_1.6.1_3/plugins/com.st.stm32cube.ide.mcu.externaltools.gnu-tools-for-stm32.9-2020-q2-update.linux64_1.5.0.202011040924/tools/bin/../lib/gcc/arm-none-eabi/9.3.1/thumb/v7-m/nofp/crti.o
LOAD /opt/st/stm32cubeide_1.6.1_3/plugins/com.st.stm32cube.ide.mcu.externaltools.gnu-tools-for-stm32.9-2020-q2-update.linux64_1.5.0.202011040924/tools/bin/../lib/gcc/arm-none-eabi/9.3.1/thumb/v7-m/nofp/crtbegin.o
LOAD /opt/st/stm32cubeide_1.6.1_3/plugins/com.st.stm32cube.ide.mcu.externaltools.gnu-tools-for-stm32.9-2020-q2-update.linux64_1.5.0.202011040924/tools/bin/../lib/gcc/arm-none-eabi/9.3.1/../../../../arm-none-eabi/lib/thumb/v7-m/nofp/crt0.o
LOAD Core/Src/intefaceCasm.o
LOAD Core/Src/main.o
LOAD Core/Src/stm32f1xx_hal_msp.o
LOAD Core/Src/stm32f1xx_it.o
LOAD Core/Src/syscalls.o
LOAD Core/Src/sysmem.o
LOAD Core/Src/system_stm32f1xx.o
LOAD Core/Startup/startup_stm32f103c8tx.o
LOAD Drivers/STM32F1xx_HAL_Driver/Src/stm32f1xx_hal.o
LOAD Drivers/STM32F1xx_HAL_Driver/Src/stm32f1xx_hal_cortex.o
LOAD Drivers/STM32F1xx_HAL_Driver/Src/stm32f1xx_hal_dma.o
LOAD Drivers/STM32F1xx_HAL_Driver/Src/stm32f1xx_hal_exti.o
LOAD Drivers/STM32F1xx_HAL_Driver/Src/stm32f1xx_hal_flash.o
LOAD Drivers/STM32F1xx_HAL_Driver/Src/stm32f1xx_hal_flash_ex.o
LOAD Drivers/STM32F1xx_HAL_Driver/Src/stm32f1xx_hal_gpio.o
LOAD Drivers/STM32F1xx_HAL_Driver/Src/stm32f1xx_hal_gpio_ex.o
LOAD Drivers/STM32F1xx_HAL_Driver/Src/stm32f1xx_hal_pwr.o
LOAD Drivers/STM32F1xx_HAL_Driver/Src/stm32f1xx_hal_rcc.o
LOAD Drivers/STM32F1xx_HAL_Driver/Src/stm32f1xx_hal_rcc_ex.o
LOAD Drivers/STM32F1xx_HAL_Driver/Src/stm32f1xx_hal_tim.o
LOAD Drivers/STM32F1xx_HAL_Driver/Src/stm32f1xx_hal_tim_ex.o
START GROUP
LOAD /opt/st/stm32cubeide_1.6.1_3/plugins/com.st.stm32cube.ide.mcu.externaltools.gnu-tools-for-stm32.9-2020-q2-update.linux64_1.5.0.202011040924/tools/bin/../lib/gcc/arm-none-eabi/9.3.1/../../../../arm-none-eabi/lib/thumb/v7-m/nofp/libc_nano.a
LOAD /opt/st/stm32cubeide_1.6.1_3/plugins/com.st.stm32cube.ide.mcu.externaltools.gnu-tools-for-stm32.9-2020-q2-update.linux64_1.5.0.202011040924/tools/bin/../lib/gcc/arm-none-eabi/9.3.1/../../../../arm-none-eabi/lib/thumb/v7-m/nofp/libm.a
END GROUP
START GROUP
LOAD /opt/st/stm32cubeide_1.6.1_3/plugins/com.st.stm32cube.ide.mcu.externaltools.gnu-tools-for-stm32.9-2020-q2-update.linux64_1.5.0.202011040924/tools/bin/../lib/gcc/arm-none-eabi/9.3.1/thumb/v7-m/nofp/libgcc.a
LOAD /opt/st/stm32cubeide_1.6.1_3/plugins/com.st.stm32cube.ide.mcu.externaltools.gnu-tools-for-stm32.9-2020-q2-update.linux64_1.5.0.202011040924/tools/bin/../lib/gcc/arm-none-eabi/9.3.1/../../../../arm-none-eabi/lib/thumb/v7-m/nofp/libc_nano.a
END GROUP
START GROUP
LOAD /opt/st/stm32cubeide_1.6.1_3/plugins/com.st.stm32cube.ide.mcu.externaltools.gnu-tools-for-stm32.9-2020-q2-update.linux64_1.5.0.202011040924/tools/bin/../lib/gcc/arm-none-eabi/9.3.1/thumb/v7-m/nofp/libgcc.a
LOAD /opt/st/stm32cubeide_1.6.1_3/plugins/com.st.stm32cube.ide.mcu.externaltools.gnu-tools-for-stm32.9-2020-q2-update.linux64_1.5.0.202011040924/tools/bin/../lib/gcc/arm-none-eabi/9.3.1/../../../../arm-none-eabi/lib/thumb/v7-m/nofp/libc_nano.a
LOAD /opt/st/stm32cubeide_1.6.1_3/plugins/com.st.stm32cube.ide.mcu.externaltools.gnu-tools-for-stm32.9-2020-q2-update.linux64_1.5.0.202011040924/tools/bin/../lib/gcc/arm-none-eabi/9.3.1/../../../../arm-none-eabi/lib/thumb/v7-m/nofp/libnosys.a
END GROUP
START GROUP
LOAD /opt/st/stm32cubeide_1.6.1_3/plugins/com.st.stm32cube.ide.mcu.externaltools.gnu-tools-for-stm32.9-2020-q2-update.linux64_1.5.0.202011040924/tools/bin/../lib/gcc/arm-none-eabi/9.3.1/thumb/v7-m/nofp/libgcc.a
LOAD /opt/st/stm32cubeide_1.6.1_3/plugins/com.st.stm32cube.ide.mcu.externaltools.gnu-tools-for-stm32.9-2020-q2-update.linux64_1.5.0.202011040924/tools/bin/../lib/gcc/arm-none-eabi/9.3.1/../../../../arm-none-eabi/lib/thumb/v7-m/nofp/libc_nano.a
LOAD /opt/st/stm32cubeide_1.6.1_3/plugins/com.st.stm32cube.ide.mcu.externaltools.gnu-tools-for-stm32.9-2020-q2-update.linux64_1.5.0.202011040924/tools/bin/../lib/gcc/arm-none-eabi/9.3.1/../../../../arm-none-eabi/lib/thumb/v7-m/nofp/libnosys.a
END GROUP
LOAD /opt/st/stm32cubeide_1.6.1_3/plugins/com.st.stm32cube.ide.mcu.externaltools.gnu-tools-for-stm32.9-2020-q2-update.linux64_1.5.0.202011040924/tools/bin/../lib/gcc/arm-none-eabi/9.3.1/thumb/v7-m/nofp/crtend.o
LOAD /opt/st/stm32cubeide_1.6.1_3/plugins/com.st.stm32cube.ide.mcu.externaltools.gnu-tools-for-stm32.9-2020-q2-update.linux64_1.5.0.202011040924/tools/bin/../lib/gcc/arm-none-eabi/9.3.1/thumb/v7-m/nofp/crtn.o
                0x0000000020005000                _estack = (ORIGIN (RAM) + LENGTH (RAM))
                0x0000000000000200                _Min_Heap_Size = 0x200
                0x0000000000000400                _Min_Stack_Size = 0x400

.isr_vector     0x0000000008000000      0x10c
                0x0000000008000000                . = ALIGN (0x4)
 *(.isr_vector)
 .isr_vector    0x0000000008000000      0x10c Core/Startup/startup_stm32f103c8tx.o
                0x0000000008000000                g_pfnVectors
                0x000000000800010c                . = ALIGN (0x4)

.text           0x000000000800010c     0x1160
                0x000000000800010c                . = ALIGN (0x4)
 *(.text)
 .text          0x000000000800010c       0x40 /opt/st/stm32cubeide_1.6.1_3/plugins/com.st.stm32cube.ide.mcu.externaltools.gnu-tools-for-stm32.9-2020-q2-update.linux64_1.5.0.202011040924/tools/bin/../lib/gcc/arm-none-eabi/9.3.1/thumb/v7-m/nofp/crtbegin.o
 .text          0x000000000800014c       0x34 Core/Src/intefaceCasm.o
                0x000000000800014c                FuncionDummy
                0x0000000008000156                RotarDerecha
                0x000000000800015a                RotarIzquierda
                0x0000000008000164                ParametrosPorPila
 *(.text*)
 .text.main     0x0000000008000180       0x74 Core/Src/main.o
                0x0000000008000180                main
 .text.SystemClock_Config
                0x00000000080001f4       0x8a Core/Src/main.o
                0x00000000080001f4                SystemClock_Config
 *fill*         0x000000000800027e        0x2 
 .text.MX_GPIO_Init
                0x0000000008000280       0x98 Core/Src/main.o
 .text.Error_Handler
                0x0000000008000318        0xc Core/Src/main.o
                0x0000000008000318                Error_Handler
 .text.HAL_MspInit
                0x0000000008000324       0x64 Core/Src/stm32f1xx_hal_msp.o
                0x0000000008000324                HAL_MspInit
 .text.NMI_Handler
                0x0000000008000388        0xc Core/Src/stm32f1xx_it.o
                0x0000000008000388                NMI_Handler
 .text.HardFault_Handler
                0x0000000008000394        0x6 Core/Src/stm32f1xx_it.o
                0x0000000008000394                HardFault_Handler
 .text.MemManage_Handler
                0x000000000800039a        0x6 Core/Src/stm32f1xx_it.o
                0x000000000800039a                MemManage_Handler
 .text.BusFault_Handler
                0x00000000080003a0        0x6 Core/Src/stm32f1xx_it.o
                0x00000000080003a0                BusFault_Handler
 .text.UsageFault_Handler
                0x00000000080003a6        0x6 Core/Src/stm32f1xx_it.o
                0x00000000080003a6                UsageFault_Handler
 .text.SVC_Handler
                0x00000000080003ac        0xc Core/Src/stm32f1xx_it.o
                0x00000000080003ac                SVC_Handler
 .text.DebugMon_Handler
                0x00000000080003b8        0xc Core/Src/stm32f1xx_it.o
                0x00000000080003b8                DebugMon_Handler
 .text.PendSV_Handler
                0x00000000080003c4        0xc Core/Src/stm32f1xx_it.o
                0x00000000080003c4                PendSV_Handler
 .text.SysTick_Handler
                0x00000000080003d0        0xc Core/Src/stm32f1xx_it.o
                0x00000000080003d0                SysTick_Handler
 .text.SystemInit
                0x00000000080003dc        0xc Core/Src/system_stm32f1xx.o
                0x00000000080003dc                SystemInit
 .text.Reset_Handler
                0x00000000080003e8       0x48 Core/Startup/startup_stm32f103c8tx.o
                0x00000000080003e8                Reset_Handler
 .text.Default_Handler
                0x0000000008000430        0x2 Core/Startup/startup_stm32f103c8tx.o
                0x0000000008000430                RTC_Alarm_IRQHandler
                0x0000000008000430                EXTI2_IRQHandler
                0x0000000008000430                TIM1_CC_IRQHandler
                0x0000000008000430                PVD_IRQHandler
                0x0000000008000430                EXTI3_IRQHandler
                0x0000000008000430                EXTI0_IRQHandler
                0x0000000008000430                I2C2_EV_IRQHandler
                0x0000000008000430                ADC1_2_IRQHandler
                0x0000000008000430                SPI1_IRQHandler
                0x0000000008000430                TAMPER_IRQHandler
                0x0000000008000430                DMA1_Channel4_IRQHandler
                0x0000000008000430                USART3_IRQHandler
                0x0000000008000430                RTC_IRQHandler
                0x0000000008000430                DMA1_Channel7_IRQHandler
                0x0000000008000430                CAN1_RX1_IRQHandler
                0x0000000008000430                TIM4_IRQHandler
                0x0000000008000430                I2C1_EV_IRQHandler
                0x0000000008000430                DMA1_Channel6_IRQHandler
                0x0000000008000430                TIM3_IRQHandler
                0x0000000008000430                RCC_IRQHandler
                0x0000000008000430                TIM1_TRG_COM_IRQHandler
                0x0000000008000430                DMA1_Channel1_IRQHandler
                0x0000000008000430                Default_Handler
                0x0000000008000430                EXTI15_10_IRQHandler
                0x0000000008000430                EXTI9_5_IRQHandler
                0x0000000008000430                SPI2_IRQHandler
                0x0000000008000430                DMA1_Channel5_IRQHandler
                0x0000000008000430                EXTI4_IRQHandler
                0x0000000008000430                USB_LP_CAN1_RX0_IRQHandler
                0x0000000008000430                USB_HP_CAN1_TX_IRQHandler
                0x0000000008000430                DMA1_Channel3_IRQHandler
                0x0000000008000430                TIM1_UP_IRQHandler
                0x0000000008000430                WWDG_IRQHandler
                0x0000000008000430                TIM2_IRQHandler
                0x0000000008000430                TIM1_BRK_IRQHandler
                0x0000000008000430                EXTI1_IRQHandler
                0x0000000008000430                USART2_IRQHandler
                0x0000000008000430                I2C2_ER_IRQHandler
                0x0000000008000430                DMA1_Channel2_IRQHandler
                0x0000000008000430                CAN1_SCE_IRQHandler
                0x0000000008000430                FLASH_IRQHandler
                0x0000000008000430                USART1_IRQHandler
                0x0000000008000430                I2C1_ER_IRQHandler
                0x0000000008000430                USBWakeUp_IRQHandler
 *fill*         0x0000000008000432        0x2 
 .text.HAL_Init
                0x0000000008000434       0x2c Drivers/STM32F1xx_HAL_Driver/Src/stm32f1xx_hal.o
                0x0000000008000434                HAL_Init
 .text.HAL_InitTick
                0x0000000008000460       0x60 Drivers/STM32F1xx_HAL_Driver/Src/stm32f1xx_hal.o
                0x0000000008000460                HAL_InitTick
 .text.HAL_IncTick
                0x00000000080004c0       0x24 Drivers/STM32F1xx_HAL_Driver/Src/stm32f1xx_hal.o
                0x00000000080004c0                HAL_IncTick
 .text.HAL_GetTick
                0x00000000080004e4       0x14 Drivers/STM32F1xx_HAL_Driver/Src/stm32f1xx_hal.o
                0x00000000080004e4                HAL_GetTick
 .text.__NVIC_SetPriorityGrouping
                0x00000000080004f8       0x48 Drivers/STM32F1xx_HAL_Driver/Src/stm32f1xx_hal_cortex.o
 .text.__NVIC_GetPriorityGrouping
                0x0000000008000540       0x1c Drivers/STM32F1xx_HAL_Driver/Src/stm32f1xx_hal_cortex.o
 .text.__NVIC_SetPriority
                0x000000000800055c       0x54 Drivers/STM32F1xx_HAL_Driver/Src/stm32f1xx_hal_cortex.o
 .text.NVIC_EncodePriority
                0x00000000080005b0       0x64 Drivers/STM32F1xx_HAL_Driver/Src/stm32f1xx_hal_cortex.o
 .text.SysTick_Config
                0x0000000008000614       0x44 Drivers/STM32F1xx_HAL_Driver/Src/stm32f1xx_hal_cortex.o
 .text.HAL_NVIC_SetPriorityGrouping
                0x0000000008000658       0x16 Drivers/STM32F1xx_HAL_Driver/Src/stm32f1xx_hal_cortex.o
                0x0000000008000658                HAL_NVIC_SetPriorityGrouping
 .text.HAL_NVIC_SetPriority
                0x000000000800066e       0x38 Drivers/STM32F1xx_HAL_Driver/Src/stm32f1xx_hal_cortex.o
                0x000000000800066e                HAL_NVIC_SetPriority
 .text.HAL_SYSTICK_Config
                0x00000000080006a6       0x18 Drivers/STM32F1xx_HAL_Driver/Src/stm32f1xx_hal_cortex.o
                0x00000000080006a6                HAL_SYSTICK_Config
 *fill*         0x00000000080006be        0x2 
 .text.HAL_GPIO_Init
                0x00000000080006c0      0x308 Drivers/STM32F1xx_HAL_Driver/Src/stm32f1xx_hal_gpio.o
                0x00000000080006c0                HAL_GPIO_Init
 .text.HAL_GPIO_WritePin
                0x00000000080009c8       0x30 Drivers/STM32F1xx_HAL_Driver/Src/stm32f1xx_hal_gpio.o
                0x00000000080009c8                HAL_GPIO_WritePin
 .text.HAL_GPIO_TogglePin
                0x00000000080009f8       0x32 Drivers/STM32F1xx_HAL_Driver/Src/stm32f1xx_hal_gpio.o
                0x00000000080009f8                HAL_GPIO_TogglePin
 *fill*         0x0000000008000a2a        0x2 
 .text.HAL_RCC_OscConfig
                0x0000000008000a2c      0x500 Drivers/STM32F1xx_HAL_Driver/Src/stm32f1xx_hal_rcc.o
                0x0000000008000a2c                HAL_RCC_OscConfig
 .text.HAL_RCC_ClockConfig
                0x0000000008000f2c      0x1d4 Drivers/STM32F1xx_HAL_Driver/Src/stm32f1xx_hal_rcc.o
                0x0000000008000f2c                HAL_RCC_ClockConfig
 .text.HAL_RCC_GetSysClockFreq
                0x0000000008001100       0xc0 Drivers/STM32F1xx_HAL_Driver/Src/stm32f1xx_hal_rcc.o
                0x0000000008001100                HAL_RCC_GetSysClockFreq
 .text.RCC_Delay
                0x00000000080011c0       0x3c Drivers/STM32F1xx_HAL_Driver/Src/stm32f1xx_hal_rcc.o
 .text.__libc_init_array
                0x00000000080011fc       0x48 /opt/st/stm32cubeide_1.6.1_3/plugins/com.st.stm32cube.ide.mcu.externaltools.gnu-tools-for-stm32.9-2020-q2-update.linux64_1.5.0.202011040924/tools/bin/../lib/gcc/arm-none-eabi/9.3.1/../../../../arm-none-eabi/lib/thumb/v7-m/nofp/libc_nano.a(lib_a-init.o)
                0x00000000080011fc                __libc_init_array
 .text.memset   0x0000000008001244       0x10 /opt/st/stm32cubeide_1.6.1_3/plugins/com.st.stm32cube.ide.mcu.externaltools.gnu-tools-for-stm32.9-2020-q2-update.linux64_1.5.0.202011040924/tools/bin/../lib/gcc/arm-none-eabi/9.3.1/../../../../arm-none-eabi/lib/thumb/v7-m/nofp/libc_nano.a(lib_a-memset.o)
                0x0000000008001244                memset
 *(.glue_7)
 .glue_7        0x0000000008001254        0x0 linker stubs
 *(.glue_7t)
 .glue_7t       0x0000000008001254        0x0 linker stubs
 *(.eh_frame)
 .eh_frame      0x0000000008001254        0x0 /opt/st/stm32cubeide_1.6.1_3/plugins/com.st.stm32cube.ide.mcu.externaltools.gnu-tools-for-stm32.9-2020-q2-update.linux64_1.5.0.202011040924/tools/bin/../lib/gcc/arm-none-eabi/9.3.1/thumb/v7-m/nofp/crtbegin.o
 *(.init)
 .init          0x0000000008001254        0x4 /opt/st/stm32cubeide_1.6.1_3/plugins/com.st.stm32cube.ide.mcu.externaltools.gnu-tools-for-stm32.9-2020-q2-update.linux64_1.5.0.202011040924/tools/bin/../lib/gcc/arm-none-eabi/9.3.1/thumb/v7-m/nofp/crti.o
                0x0000000008001254                _init
 .init          0x0000000008001258        0x8 /opt/st/stm32cubeide_1.6.1_3/plugins/com.st.stm32cube.ide.mcu.externaltools.gnu-tools-for-stm32.9-2020-q2-update.linux64_1.5.0.202011040924/tools/bin/../lib/gcc/arm-none-eabi/9.3.1/thumb/v7-m/nofp/crtn.o
 *(.fini)
 .fini          0x0000000008001260        0x4 /opt/st/stm32cubeide_1.6.1_3/plugins/com.st.stm32cube.ide.mcu.externaltools.gnu-tools-for-stm32.9-2020-q2-update.linux64_1.5.0.202011040924/tools/bin/../lib/gcc/arm-none-eabi/9.3.1/thumb/v7-m/nofp/crti.o
                0x0000000008001260                _fini
 .fini          0x0000000008001264        0x8 /opt/st/stm32cubeide_1.6.1_3/plugins/com.st.stm32cube.ide.mcu.externaltools.gnu-tools-for-stm32.9-2020-q2-update.linux64_1.5.0.202011040924/tools/bin/../lib/gcc/arm-none-eabi/9.3.1/thumb/v7-m/nofp/crtn.o
                0x000000000800126c                . = ALIGN (0x4)
                0x000000000800126c                _etext = .

.vfp11_veneer   0x000000000800126c        0x0
 .vfp11_veneer  0x000000000800126c        0x0 linker stubs

.v4_bx          0x000000000800126c        0x0
 .v4_bx         0x000000000800126c        0x0 linker stubs

.iplt           0x000000000800126c        0x0
 .iplt          0x000000000800126c        0x0 /opt/st/stm32cubeide_1.6.1_3/plugins/com.st.stm32cube.ide.mcu.externaltools.gnu-tools-for-stm32.9-2020-q2-update.linux64_1.5.0.202011040924/tools/bin/../lib/gcc/arm-none-eabi/9.3.1/thumb/v7-m/nofp/crtbegin.o

.rodata         0x000000000800126c       0x20
                0x000000000800126c                . = ALIGN (0x4)
 *(.rodata)
 .rodata        0x000000000800126c       0x10 Drivers/STM32F1xx_HAL_Driver/Src/stm32f1xx_hal_rcc.o
 *(.rodata*)
 .rodata.AHBPrescTable
                0x000000000800127c       0x10 Core/Src/system_stm32f1xx.o
                0x000000000800127c                AHBPrescTable
                0x000000000800128c                . = ALIGN (0x4)

.rel.dyn        0x000000000800128c        0x0
 .rel.iplt      0x000000000800128c        0x0 /opt/st/stm32cubeide_1.6.1_3/plugins/com.st.stm32cube.ide.mcu.externaltools.gnu-tools-for-stm32.9-2020-q2-update.linux64_1.5.0.202011040924/tools/bin/../lib/gcc/arm-none-eabi/9.3.1/thumb/v7-m/nofp/crtbegin.o

.ARM.extab      0x000000000800128c        0x0
                0x000000000800128c                . = ALIGN (0x4)
 *(.ARM.extab* .gnu.linkonce.armextab.*)
                0x000000000800128c                . = ALIGN (0x4)

.ARM            0x000000000800128c        0x0
                0x000000000800128c                . = ALIGN (0x4)
                0x000000000800128c                __exidx_start = .
 *(.ARM.exidx*)
                0x000000000800128c                __exidx_end = .
                0x000000000800128c                . = ALIGN (0x4)

.preinit_array  0x000000000800128c        0x0
                0x000000000800128c                . = ALIGN (0x4)
                0x000000000800128c                PROVIDE (__preinit_array_start = .)
 *(.preinit_array*)
                0x000000000800128c                PROVIDE (__preinit_array_end = .)
                0x000000000800128c                . = ALIGN (0x4)

.init_array     0x000000000800128c        0x4
                0x000000000800128c                . = ALIGN (0x4)
                0x000000000800128c                PROVIDE (__init_array_start = .)
 *(SORT_BY_NAME(.init_array.*))
 *(.init_array*)
 .init_array    0x000000000800128c        0x4 /opt/st/stm32cubeide_1.6.1_3/plugins/com.st.stm32cube.ide.mcu.externaltools.gnu-tools-for-stm32.9-2020-q2-update.linux64_1.5.0.202011040924/tools/bin/../lib/gcc/arm-none-eabi/9.3.1/thumb/v7-m/nofp/crtbegin.o
                0x0000000008001290                PROVIDE (__init_array_end = .)
                0x0000000008001290                . = ALIGN (0x4)

.fini_array     0x0000000008001290        0x4
                0x0000000008001290                . = ALIGN (0x4)
                [!provide]                        PROVIDE (__fini_array_start = .)
 *(SORT_BY_NAME(.fini_array.*))
 *(.fini_array*)
 .fini_array    0x0000000008001290        0x4 /opt/st/stm32cubeide_1.6.1_3/plugins/com.st.stm32cube.ide.mcu.externaltools.gnu-tools-for-stm32.9-2020-q2-update.linux64_1.5.0.202011040924/tools/bin/../lib/gcc/arm-none-eabi/9.3.1/thumb/v7-m/nofp/crtbegin.o
                [!provide]                        PROVIDE (__fini_array_end = .)
                0x0000000008001294                . = ALIGN (0x4)
                0x0000000008001294                _sidata = LOADADDR (.data)

.data           0x0000000020000000        0xc load address 0x0000000008001294
                0x0000000020000000                . = ALIGN (0x4)
                0x0000000020000000                _sdata = .
 *(.data)
 *(.data*)
 .data.SystemCoreClock
                0x0000000020000000        0x4 Core/Src/system_stm32f1xx.o
                0x0000000020000000                SystemCoreClock
 .data.uwTickPrio
                0x0000000020000004        0x4 Drivers/STM32F1xx_HAL_Driver/Src/stm32f1xx_hal.o
                0x0000000020000004                uwTickPrio
 .data.uwTickFreq
                0x0000000020000008        0x1 Drivers/STM32F1xx_HAL_Driver/Src/stm32f1xx_hal.o
                0x0000000020000008                uwTickFreq
                0x000000002000000c                . = ALIGN (0x4)
 *fill*         0x0000000020000009        0x3 
                0x000000002000000c                _edata = .

.igot.plt       0x000000002000000c        0x0 load address 0x00000000080012a0
 .igot.plt      0x000000002000000c        0x0 /opt/st/stm32cubeide_1.6.1_3/plugins/com.st.stm32cube.ide.mcu.externaltools.gnu-tools-for-stm32.9-2020-q2-update.linux64_1.5.0.202011040924/tools/bin/../lib/gcc/arm-none-eabi/9.3.1/thumb/v7-m/nofp/crtbegin.o
                0x000000002000000c                . = ALIGN (0x4)

.bss            0x000000002000000c       0x20 load address 0x00000000080012a0
                0x000000002000000c                _sbss = .
                0x000000002000000c                __bss_start__ = _sbss
 *(.bss)
 .bss           0x000000002000000c       0x1c /opt/st/stm32cubeide_1.6.1_3/plugins/com.st.stm32cube.ide.mcu.externaltools.gnu-tools-for-stm32.9-2020-q2-update.linux64_1.5.0.202011040924/tools/bin/../lib/gcc/arm-none-eabi/9.3.1/thumb/v7-m/nofp/crtbegin.o
 *(.bss*)
 *(COMMON)
 COMMON         0x0000000020000028        0x4 Drivers/STM32F1xx_HAL_Driver/Src/stm32f1xx_hal.o
                0x0000000020000028                uwTick
                0x000000002000002c                . = ALIGN (0x4)
                0x000000002000002c                _ebss = .
                0x000000002000002c                __bss_end__ = _ebss

._user_heap_stack
                0x000000002000002c      0x604 load address 0x00000000080012a0
                0x0000000020000030                . = ALIGN (0x8)
 *fill*         0x000000002000002c        0x4 
                [!provide]                        PROVIDE (end = .)
                0x0000000020000030                PROVIDE (_end = .)
                0x0000000020000230                . = (. + _Min_Heap_Size)
 *fill*         0x0000000020000030      0x200 
                0x0000000020000630                . = (. + _Min_Stack_Size)
 *fill*         0x0000000020000230      0x400 
                0x0000000020000630                . = ALIGN (0x8)

/DISCARD/
 libc.a(*)
 libm.a(*)
 libgcc.a(*)

.ARM.attributes
                0x0000000000000000       0x29
 *(.ARM.attributes)
 .ARM.attributes
                0x0000000000000000       0x1d /opt/st/stm32cubeide_1.6.1_3/plugins/com.st.stm32cube.ide.mcu.externaltools.gnu-tools-for-stm32.9-2020-q2-update.linux64_1.5.0.202011040924/tools/bin/../lib/gcc/arm-none-eabi/9.3.1/thumb/v7-m/nofp/crti.o
 .ARM.attributes
                0x000000000000001d       0x2d /opt/st/stm32cubeide_1.6.1_3/plugins/com.st.stm32cube.ide.mcu.externaltools.gnu-tools-for-stm32.9-2020-q2-update.linux64_1.5.0.202011040924/tools/bin/../lib/gcc/arm-none-eabi/9.3.1/thumb/v7-m/nofp/crtbegin.o
 .ARM.attributes
                0x000000000000004a       0x1b Core/Src/intefaceCasm.o
 .ARM.attributes
                0x0000000000000065       0x2d Core/Src/main.o
 .ARM.attributes
                0x0000000000000092       0x2d Core/Src/stm32f1xx_hal_msp.o
 .ARM.attributes
                0x00000000000000bf       0x2d Core/Src/stm32f1xx_it.o
 .ARM.attributes
                0x00000000000000ec       0x2d Core/Src/system_stm32f1xx.o
 .ARM.attributes
                0x0000000000000119       0x21 Core/Startup/startup_stm32f103c8tx.o
 .ARM.attributes
                0x000000000000013a       0x2d Drivers/STM32F1xx_HAL_Driver/Src/stm32f1xx_hal.o
 .ARM.attributes
                0x0000000000000167       0x2d Drivers/STM32F1xx_HAL_Driver/Src/stm32f1xx_hal_cortex.o
 .ARM.attributes
                0x0000000000000194       0x2d Drivers/STM32F1xx_HAL_Driver/Src/stm32f1xx_hal_gpio.o
 .ARM.attributes
                0x00000000000001c1       0x2d Drivers/STM32F1xx_HAL_Driver/Src/stm32f1xx_hal_rcc.o
 .ARM.attributes
                0x00000000000001ee       0x2d /opt/st/stm32cubeide_1.6.1_3/plugins/com.st.stm32cube.ide.mcu.externaltools.gnu-tools-for-stm32.9-2020-q2-update.linux64_1.5.0.202011040924/tools/bin/../lib/gcc/arm-none-eabi/9.3.1/../../../../arm-none-eabi/lib/thumb/v7-m/nofp/libc_nano.a(lib_a-init.o)
 .ARM.attributes
                0x000000000000021b       0x2d /opt/st/stm32cubeide_1.6.1_3/plugins/com.st.stm32cube.ide.mcu.externaltools.gnu-tools-for-stm32.9-2020-q2-update.linux64_1.5.0.202011040924/tools/bin/../lib/gcc/arm-none-eabi/9.3.1/../../../../arm-none-eabi/lib/thumb/v7-m/nofp/libc_nano.a(lib_a-memset.o)
 .ARM.attributes
                0x0000000000000248       0x1d /opt/st/stm32cubeide_1.6.1_3/plugins/com.st.stm32cube.ide.mcu.externaltools.gnu-tools-for-stm32.9-2020-q2-update.linux64_1.5.0.202011040924/tools/bin/../lib/gcc/arm-none-eabi/9.3.1/thumb/v7-m/nofp/crtn.o
OUTPUT(interfazcasm.elf elf32-littlearm)
LOAD linker stubs
LOAD /opt/st/stm32cubeide_1.6.1_3/plugins/com.st.stm32cube.ide.mcu.externaltools.gnu-tools-for-stm32.9-2020-q2-update.linux64_1.5.0.202011040924/tools/bin/../lib/gcc/arm-none-eabi/9.3.1/../../../../arm-none-eabi/lib/thumb/v7-m/nofp/libc.a
LOAD /opt/st/stm32cubeide_1.6.1_3/plugins/com.st.stm32cube.ide.mcu.externaltools.gnu-tools-for-stm32.9-2020-q2-update.linux64_1.5.0.202011040924/tools/bin/../lib/gcc/arm-none-eabi/9.3.1/../../../../arm-none-eabi/lib/thumb/v7-m/nofp/libm.a
LOAD /opt/st/stm32cubeide_1.6.1_3/plugins/com.st.stm32cube.ide.mcu.externaltools.gnu-tools-for-stm32.9-2020-q2-update.linux64_1.5.0.202011040924/tools/bin/../lib/gcc/arm-none-eabi/9.3.1/thumb/v7-m/nofp/libgcc.a

.debug_line     0x0000000000000000     0x44b8
 .debug_line    0x0000000000000000       0x60 Core/Src/intefaceCasm.o
 .debug_line    0x0000000000000060      0x6b8 Core/Src/main.o
 .debug_line    0x0000000000000718      0x619 Core/Src/stm32f1xx_hal_msp.o
 .debug_line    0x0000000000000d31      0x6d4 Core/Src/stm32f1xx_it.o
 .debug_line    0x0000000000001405      0x696 Core/Src/system_stm32f1xx.o
 .debug_line    0x0000000000001a9b       0x84 Core/Startup/startup_stm32f103c8tx.o
 .debug_line    0x0000000000001b1f      0x8c3 Drivers/STM32F1xx_HAL_Driver/Src/stm32f1xx_hal.o
 .debug_line    0x00000000000023e2      0xaab Drivers/STM32F1xx_HAL_Driver/Src/stm32f1xx_hal_cortex.o
 .debug_line    0x0000000000002e8d      0x95a Drivers/STM32F1xx_HAL_Driver/Src/stm32f1xx_hal_gpio.o
 .debug_line    0x00000000000037e7      0xcd1 Drivers/STM32F1xx_HAL_Driver/Src/stm32f1xx_hal_rcc.o

.debug_info     0x0000000000000000     0x3044
 .debug_info    0x0000000000000000       0x26 Core/Src/intefaceCasm.o
 .debug_info    0x0000000000000026      0x54b Core/Src/main.o
 .debug_info    0x0000000000000571      0x2fc Core/Src/stm32f1xx_hal_msp.o
 .debug_info    0x000000000000086d      0x222 Core/Src/stm32f1xx_it.o
 .debug_info    0x0000000000000a8f      0x2be Core/Src/system_stm32f1xx.o
 .debug_info    0x0000000000000d4d       0x22 Core/Startup/startup_stm32f103c8tx.o
 .debug_info    0x0000000000000d6f      0x76a Drivers/STM32F1xx_HAL_Driver/Src/stm32f1xx_hal.o
 .debug_info    0x00000000000014d9      0xbdc Drivers/STM32F1xx_HAL_Driver/Src/stm32f1xx_hal_cortex.o
 .debug_info    0x00000000000020b5      0x701 Drivers/STM32F1xx_HAL_Driver/Src/stm32f1xx_hal_gpio.o
 .debug_info    0x00000000000027b6      0x88e Drivers/STM32F1xx_HAL_Driver/Src/stm32f1xx_hal_rcc.o

.debug_abbrev   0x0000000000000000      0xe5e
 .debug_abbrev  0x0000000000000000       0x14 Core/Src/intefaceCasm.o
 .debug_abbrev  0x0000000000000014      0x1a0 Core/Src/main.o
 .debug_abbrev  0x00000000000001b4      0x11d Core/Src/stm32f1xx_hal_msp.o
 .debug_abbrev  0x00000000000002d1       0xd2 Core/Src/stm32f1xx_it.o
 .debug_abbrev  0x00000000000003a3      0x14e Core/Src/system_stm32f1xx.o
 .debug_abbrev  0x00000000000004f1       0x12 Core/Startup/startup_stm32f103c8tx.o
 .debug_abbrev  0x0000000000000503      0x1ed Drivers/STM32F1xx_HAL_Driver/Src/stm32f1xx_hal.o
 .debug_abbrev  0x00000000000006f0      0x313 Drivers/STM32F1xx_HAL_Driver/Src/stm32f1xx_hal_cortex.o
 .debug_abbrev  0x0000000000000a03      0x1e8 Drivers/STM32F1xx_HAL_Driver/Src/stm32f1xx_hal_gpio.o
 .debug_abbrev  0x0000000000000beb      0x273 Drivers/STM32F1xx_HAL_Driver/Src/stm32f1xx_hal_rcc.o

.debug_aranges  0x0000000000000000      0x3f0
 .debug_aranges
                0x0000000000000000       0x20 Core/Src/intefaceCasm.o
 .debug_aranges
                0x0000000000000020       0x38 Core/Src/main.o
 .debug_aranges
                0x0000000000000058       0x20 Core/Src/stm32f1xx_hal_msp.o
 .debug_aranges
                0x0000000000000078       0x60 Core/Src/stm32f1xx_it.o
 .debug_aranges
                0x00000000000000d8       0x28 Core/Src/system_stm32f1xx.o
 .debug_aranges
                0x0000000000000100       0x28 Core/Startup/startup_stm32f103c8tx.o
 .debug_aranges
                0x0000000000000128       0xe0 Drivers/STM32F1xx_HAL_Driver/Src/stm32f1xx_hal.o
 .debug_aranges
                0x0000000000000208      0x100 Drivers/STM32F1xx_HAL_Driver/Src/stm32f1xx_hal_cortex.o
 .debug_aranges
                0x0000000000000308       0x58 Drivers/STM32F1xx_HAL_Driver/Src/stm32f1xx_hal_gpio.o
 .debug_aranges
                0x0000000000000360       0x90 Drivers/STM32F1xx_HAL_Driver/Src/stm32f1xx_hal_rcc.o

.debug_str      0x0000000000000000    0x7b5eb
 .debug_str     0x0000000000000000       0x6d Core/Src/intefaceCasm.o
 .debug_str     0x000000000000006d    0x7a618 Core/Src/main.o
                                      0x7a998 (size before relaxing)
 .debug_str     0x000000000007a685       0x5a Core/Src/stm32f1xx_hal_msp.o
                                      0x7a7e2 (size before relaxing)
 .debug_str     0x000000000007a6df       0xbd Core/Src/stm32f1xx_it.o
                                      0x7a7ff (size before relaxing)
 .debug_str     0x000000000007a79c       0x52 Core/Src/system_stm32f1xx.o
                                      0x7a7cf (size before relaxing)
 .debug_str     0x000000000007a7ee       0x28 Core/Startup/startup_stm32f103c8tx.o
                                         0x7a (size before relaxing)
 .debug_str     0x000000000007a816      0x568 Drivers/STM32F1xx_HAL_Driver/Src/stm32f1xx_hal.o
                                      0x7ae60 (size before relaxing)
 .debug_str     0x000000000007ad7e      0x2fa Drivers/STM32F1xx_HAL_Driver/Src/stm32f1xx_hal_cortex.o
                                      0x7ae68 (size before relaxing)
 .debug_str     0x000000000007b078      0x324 Drivers/STM32F1xx_HAL_Driver/Src/stm32f1xx_hal_gpio.o
                                      0x7ab93 (size before relaxing)
 .debug_str     0x000000000007b39c      0x24f Drivers/STM32F1xx_HAL_Driver/Src/stm32f1xx_hal_rcc.o
                                      0x7abcc (size before relaxing)

.debug_ranges   0x0000000000000000      0x348
 .debug_ranges  0x0000000000000000       0x28 Core/Src/main.o
 .debug_ranges  0x0000000000000028       0x10 Core/Src/stm32f1xx_hal_msp.o
 .debug_ranges  0x0000000000000038       0x50 Core/Src/stm32f1xx_it.o
 .debug_ranges  0x0000000000000088       0x18 Core/Src/system_stm32f1xx.o
 .debug_ranges  0x00000000000000a0       0x20 Core/Startup/startup_stm32f103c8tx.o
 .debug_ranges  0x00000000000000c0       0xd0 Drivers/STM32F1xx_HAL_Driver/Src/stm32f1xx_hal.o
 .debug_ranges  0x0000000000000190       0xf0 Drivers/STM32F1xx_HAL_Driver/Src/stm32f1xx_hal_cortex.o
 .debug_ranges  0x0000000000000280       0x48 Drivers/STM32F1xx_HAL_Driver/Src/stm32f1xx_hal_gpio.o
 .debug_ranges  0x00000000000002c8       0x80 Drivers/STM32F1xx_HAL_Driver/Src/stm32f1xx_hal_rcc.o

.debug_macro    0x0000000000000000    0x158b2
 .debug_macro   0x0000000000000000      0x194 Core/Src/main.o
 .debug_macro   0x0000000000000194      0xa9c Core/Src/main.o
 .debug_macro   0x0000000000000c30      0x20f Core/Src/main.o
 .debug_macro   0x0000000000000e3f       0x2e Core/Src/main.o
 .debug_macro   0x0000000000000e6d       0x22 Core/Src/main.o
 .debug_macro   0x0000000000000e8f       0x22 Core/Src/main.o
 .debug_macro   0x0000000000000eb1       0x8e Core/Src/main.o
 .debug_macro   0x0000000000000f3f       0x51 Core/Src/main.o
 .debug_macro   0x0000000000000f90      0x103 Core/Src/main.o
 .debug_macro   0x0000000000001093       0x6a Core/Src/main.o
 .debug_macro   0x00000000000010fd      0x1df Core/Src/main.o
 .debug_macro   0x00000000000012dc       0x1c Core/Src/main.o
 .debug_macro   0x00000000000012f8       0x22 Core/Src/main.o
 .debug_macro   0x000000000000131a       0xc3 Core/Src/main.o
 .debug_macro   0x00000000000013dd      0xd23 Core/Src/main.o
 .debug_macro   0x0000000000002100     0xe097 Core/Src/main.o
 .debug_macro   0x0000000000010197       0x43 Core/Src/main.o
 .debug_macro   0x00000000000101da     0x3468 Core/Src/main.o
 .debug_macro   0x0000000000013642      0x174 Core/Src/main.o
 .debug_macro   0x00000000000137b6       0x5c Core/Src/main.o
 .debug_macro   0x0000000000013812      0x5be Core/Src/main.o
 .debug_macro   0x0000000000013dd0      0x289 Core/Src/main.o
 .debug_macro   0x0000000000014059      0x1cb Core/Src/main.o
 .debug_macro   0x0000000000014224      0x114 Core/Src/main.o
 .debug_macro   0x0000000000014338      0x1b2 Core/Src/main.o
 .debug_macro   0x00000000000144ea       0x27 Core/Src/main.o
 .debug_macro   0x0000000000014511      0x136 Core/Src/main.o
 .debug_macro   0x0000000000014647      0x1bc Core/Src/main.o
 .debug_macro   0x0000000000014803       0x34 Core/Src/main.o
 .debug_macro   0x0000000000014837       0x3c Core/Src/main.o
 .debug_macro   0x0000000000014873       0x57 Core/Src/main.o
 .debug_macro   0x00000000000148ca       0x88 Core/Src/main.o
 .debug_macro   0x0000000000014952      0x241 Core/Src/main.o
 .debug_macro   0x0000000000014b93      0x141 Core/Src/main.o
 .debug_macro   0x0000000000014cd4       0x83 Core/Src/main.o
 .debug_macro   0x0000000000014d57      0x18e Core/Src/stm32f1xx_hal_msp.o
 .debug_macro   0x0000000000014ee5      0x198 Core/Src/stm32f1xx_it.o
 .debug_macro   0x000000000001507d      0x184 Core/Src/system_stm32f1xx.o
 .debug_macro   0x0000000000015201      0x1a8 Drivers/STM32F1xx_HAL_Driver/Src/stm32f1xx_hal.o
 .debug_macro   0x00000000000153a9      0x184 Drivers/STM32F1xx_HAL_Driver/Src/stm32f1xx_hal_cortex.o
 .debug_macro   0x000000000001552d      0x1ef Drivers/STM32F1xx_HAL_Driver/Src/stm32f1xx_hal_gpio.o
 .debug_macro   0x000000000001571c      0x196 Drivers/STM32F1xx_HAL_Driver/Src/stm32f1xx_hal_rcc.o

.comment        0x0000000000000000       0x53
 .comment       0x0000000000000000       0x53 Core/Src/main.o
                                         0x54 (size before relaxing)
 .comment       0x0000000000000053       0x54 Core/Src/stm32f1xx_hal_msp.o
 .comment       0x0000000000000053       0x54 Core/Src/stm32f1xx_it.o
 .comment       0x0000000000000053       0x54 Core/Src/system_stm32f1xx.o
 .comment       0x0000000000000053       0x54 Drivers/STM32F1xx_HAL_Driver/Src/stm32f1xx_hal.o
 .comment       0x0000000000000053       0x54 Drivers/STM32F1xx_HAL_Driver/Src/stm32f1xx_hal_cortex.o
 .comment       0x0000000000000053       0x54 Drivers/STM32F1xx_HAL_Driver/Src/stm32f1xx_hal_gpio.o
 .comment       0x0000000000000053       0x54 Drivers/STM32F1xx_HAL_Driver/Src/stm32f1xx_hal_rcc.o

.debug_frame    0x0000000000000000      0xd44
 .debug_frame   0x0000000000000000       0x98 Core/Src/main.o
 .debug_frame   0x0000000000000098       0x38 Core/Src/stm32f1xx_hal_msp.o
 .debug_frame   0x00000000000000d0      0x10c Core/Src/stm32f1xx_it.o
 .debug_frame   0x00000000000001dc       0x58 Core/Src/system_stm32f1xx.o
 .debug_frame   0x0000000000000234      0x334 Drivers/STM32F1xx_HAL_Driver/Src/stm32f1xx_hal.o
 .debug_frame   0x0000000000000568      0x428 Drivers/STM32F1xx_HAL_Driver/Src/stm32f1xx_hal_cortex.o
 .debug_frame   0x0000000000000990      0x14c Drivers/STM32F1xx_HAL_Driver/Src/stm32f1xx_hal_gpio.o
 .debug_frame   0x0000000000000adc      0x21c Drivers/STM32F1xx_HAL_Driver/Src/stm32f1xx_hal_rcc.o
 .debug_frame   0x0000000000000cf8       0x2c /opt/st/stm32cubeide_1.6.1_3/plugins/com.st.stm32cube.ide.mcu.externaltools.gnu-tools-for-stm32.9-2020-q2-update.linux64_1.5.0.202011040924/tools/bin/../lib/gcc/arm-none-eabi/9.3.1/../../../../arm-none-eabi/lib/thumb/v7-m/nofp/libc_nano.a(lib_a-init.o)
 .debug_frame   0x0000000000000d24       0x20 /opt/st/stm32cubeide_1.6.1_3/plugins/com.st.stm32cube.ide.mcu.externaltools.gnu-tools-for-stm32.9-2020-q2-update.linux64_1.5.0.202011040924/tools/bin/../lib/gcc/arm-none-eabi/9.3.1/../../../../arm-none-eabi/lib/thumb/v7-m/nofp/libc_nano.a(lib_a-memset.o)
