16:58:06 **** Incremental Build of configuration Debug for project LedBlue ****
make -j12 all 
arm-none-eabi-gcc "../Core/Src/main.c" -mcpu=cortex-m3 -std=gnu11 -g3 -DDEBUG -DUSE_HAL_DRIVER -DSTM32F103xB -c -I../Core/Inc -I../Drivers/STM32F1xx_HAL_Driver/Inc -I../Drivers/STM32F1xx_HAL_Driver/Inc/Legacy -I../Drivers/CMSIS/Device/ST/STM32F1xx/Include -I../Drivers/CMSIS/Include -O0 -ffunction-sections -fdata-sections -Wall -fstack-usage -MMD -MP -MF"Core/Src/main.d" -MT"Core/Src/main.o" --specs=nano.specs -mfloat-abi=soft -mthumb -o "Core/Src/main.o"
arm-none-eabi-gcc -o "LedBlue.elf" @"objects.list"   -mcpu=cortex-m3 -T"/home/tobias/Desktop/GitLab/tdii/TestingBluePill/LedBlue/STM32F103C8TX_FLASH.ld" --specs=nosys.specs -Wl,-Map="LedBlue.map" -Wl,--gc-sections -static --specs=nano.specs -mfloat-abi=soft -mthumb -Wl,--start-group -lc -lm -Wl,--end-group
Finished building target: LedBlue.elf
 
arm-none-eabi-objdump -h -S  LedBlue.elf  > "LedBlue.list"
arm-none-eabi-objcopy  -O binary  LedBlue.elf  "LedBlue.bin"
arm-none-eabi-size   LedBlue.elf 
   text	   data	    bss	    dec	    hex	filename
   4636	     20	   1572	   6228	   1854	LedBlue.elf
Finished building: default.size.stdout
 
Finished building: LedBlue.bin
 
Finished building: LedBlue.list
 

16:58:08 Build Finished. 0 errors, 0 warnings. (took 1s.568ms)

