mmc_stm32f1_spi.c:135:6:init_spi	4	static
mmc_stm32f1_spi.c:146:6:xchg_spi	16	static
mmc_stm32f1_spi.c:158:6:rcvr_spi_multi	24	static
mmc_stm32f1_spi.c:190:6:xmit_spi_multi	24	static
mmc_stm32f1_spi.c:224:5:wait_ready	24	static
mmc_stm32f1_spi.c:247:6:deselect	8	static
mmc_stm32f1_spi.c:261:5:select	8	static
mmc_stm32f1_spi.c:278:5:rcvr_datablock	24	static
mmc_stm32f1_spi.c:307:5:xmit_datablock	24	static
mmc_stm32f1_spi.c:335:6:send_cmd	24	static
mmc_stm32f1_spi.c:389:9:disk_initialize	32	static
mmc_stm32f1_spi.c:445:9:disk_status	16	static
mmc_stm32f1_spi.c:460:9:disk_read	32	static
mmc_stm32f1_spi.c:502:9:disk_write	32	static
mmc_stm32f1_spi.c:545:9:disk_ioctl	56	static
mmc_stm32f1_spi.c:634:6:disk_timerproc	16	static
